Archive member included to satisfy reference by file (symbol)

/opt/st/stm32cubeide_1.17.0/plugins/com.st.stm32cube.ide.mcu.externaltools.gnu-tools-for-stm32.12.3.rel1.linux64_1.1.0.202410170702/tools/bin/../lib/gcc/arm-none-eabi/12.3.1/../../../../arm-none-eabi/lib/thumb/v7e-m/nofp/libc_nano.a(libc_a-exit.o)
                              /opt/st/stm32cubeide_1.17.0/plugins/com.st.stm32cube.ide.mcu.externaltools.gnu-tools-for-stm32.12.3.rel1.linux64_1.1.0.202410170702/tools/bin/../lib/gcc/arm-none-eabi/12.3.1/../../../../arm-none-eabi/lib/thumb/v7e-m/nofp/crt0.o (exit)
/opt/st/stm32cubeide_1.17.0/plugins/com.st.stm32cube.ide.mcu.externaltools.gnu-tools-for-stm32.12.3.rel1.linux64_1.1.0.202410170702/tools/bin/../lib/gcc/arm-none-eabi/12.3.1/../../../../arm-none-eabi/lib/thumb/v7e-m/nofp/libc_nano.a(libc_a-findfp.o)
                              /opt/st/stm32cubeide_1.17.0/plugins/com.st.stm32cube.ide.mcu.externaltools.gnu-tools-for-stm32.12.3.rel1.linux64_1.1.0.202410170702/tools/bin/../lib/gcc/arm-none-eabi/12.3.1/../../../../arm-none-eabi/lib/thumb/v7e-m/nofp/libc_nano.a(libc_a-exit.o) (__stdio_exit_handler)
/opt/st/stm32cubeide_1.17.0/plugins/com.st.stm32cube.ide.mcu.externaltools.gnu-tools-for-stm32.12.3.rel1.linux64_1.1.0.202410170702/tools/bin/../lib/gcc/arm-none-eabi/12.3.1/../../../../arm-none-eabi/lib/thumb/v7e-m/nofp/libc_nano.a(libc_a-fwalk.o)
                              /opt/st/stm32cubeide_1.17.0/plugins/com.st.stm32cube.ide.mcu.externaltools.gnu-tools-for-stm32.12.3.rel1.linux64_1.1.0.202410170702/tools/bin/../lib/gcc/arm-none-eabi/12.3.1/../../../../arm-none-eabi/lib/thumb/v7e-m/nofp/libc_nano.a(libc_a-findfp.o) (_fwalk_sglue)
/opt/st/stm32cubeide_1.17.0/plugins/com.st.stm32cube.ide.mcu.externaltools.gnu-tools-for-stm32.12.3.rel1.linux64_1.1.0.202410170702/tools/bin/../lib/gcc/arm-none-eabi/12.3.1/../../../../arm-none-eabi/lib/thumb/v7e-m/nofp/libc_nano.a(libc_a-sprintf.o)
                              ./Core/Src/main.o (sprintf)
/opt/st/stm32cubeide_1.17.0/plugins/com.st.stm32cube.ide.mcu.externaltools.gnu-tools-for-stm32.12.3.rel1.linux64_1.1.0.202410170702/tools/bin/../lib/gcc/arm-none-eabi/12.3.1/../../../../arm-none-eabi/lib/thumb/v7e-m/nofp/libc_nano.a(libc_a-stdio.o)
                              /opt/st/stm32cubeide_1.17.0/plugins/com.st.stm32cube.ide.mcu.externaltools.gnu-tools-for-stm32.12.3.rel1.linux64_1.1.0.202410170702/tools/bin/../lib/gcc/arm-none-eabi/12.3.1/../../../../arm-none-eabi/lib/thumb/v7e-m/nofp/libc_nano.a(libc_a-findfp.o) (__sread)
/opt/st/stm32cubeide_1.17.0/plugins/com.st.stm32cube.ide.mcu.externaltools.gnu-tools-for-stm32.12.3.rel1.linux64_1.1.0.202410170702/tools/bin/../lib/gcc/arm-none-eabi/12.3.1/../../../../arm-none-eabi/lib/thumb/v7e-m/nofp/libc_nano.a(libc_a-memset.o)
                              /opt/st/stm32cubeide_1.17.0/plugins/com.st.stm32cube.ide.mcu.externaltools.gnu-tools-for-stm32.12.3.rel1.linux64_1.1.0.202410170702/tools/bin/../lib/gcc/arm-none-eabi/12.3.1/../../../../arm-none-eabi/lib/thumb/v7e-m/nofp/crt0.o (memset)
/opt/st/stm32cubeide_1.17.0/plugins/com.st.stm32cube.ide.mcu.externaltools.gnu-tools-for-stm32.12.3.rel1.linux64_1.1.0.202410170702/tools/bin/../lib/gcc/arm-none-eabi/12.3.1/../../../../arm-none-eabi/lib/thumb/v7e-m/nofp/libc_nano.a(libc_a-closer.o)
                              /opt/st/stm32cubeide_1.17.0/plugins/com.st.stm32cube.ide.mcu.externaltools.gnu-tools-for-stm32.12.3.rel1.linux64_1.1.0.202410170702/tools/bin/../lib/gcc/arm-none-eabi/12.3.1/../../../../arm-none-eabi/lib/thumb/v7e-m/nofp/libc_nano.a(libc_a-stdio.o) (_close_r)
/opt/st/stm32cubeide_1.17.0/plugins/com.st.stm32cube.ide.mcu.externaltools.gnu-tools-for-stm32.12.3.rel1.linux64_1.1.0.202410170702/tools/bin/../lib/gcc/arm-none-eabi/12.3.1/../../../../arm-none-eabi/lib/thumb/v7e-m/nofp/libc_nano.a(libc_a-reent.o)
                              /opt/st/stm32cubeide_1.17.0/plugins/com.st.stm32cube.ide.mcu.externaltools.gnu-tools-for-stm32.12.3.rel1.linux64_1.1.0.202410170702/tools/bin/../lib/gcc/arm-none-eabi/12.3.1/../../../../arm-none-eabi/lib/thumb/v7e-m/nofp/libc_nano.a(libc_a-closer.o) (errno)
/opt/st/stm32cubeide_1.17.0/plugins/com.st.stm32cube.ide.mcu.externaltools.gnu-tools-for-stm32.12.3.rel1.linux64_1.1.0.202410170702/tools/bin/../lib/gcc/arm-none-eabi/12.3.1/../../../../arm-none-eabi/lib/thumb/v7e-m/nofp/libc_nano.a(libc_a-impure.o)
                              /opt/st/stm32cubeide_1.17.0/plugins/com.st.stm32cube.ide.mcu.externaltools.gnu-tools-for-stm32.12.3.rel1.linux64_1.1.0.202410170702/tools/bin/../lib/gcc/arm-none-eabi/12.3.1/../../../../arm-none-eabi/lib/thumb/v7e-m/nofp/libc_nano.a(libc_a-sprintf.o) (_impure_ptr)
/opt/st/stm32cubeide_1.17.0/plugins/com.st.stm32cube.ide.mcu.externaltools.gnu-tools-for-stm32.12.3.rel1.linux64_1.1.0.202410170702/tools/bin/../lib/gcc/arm-none-eabi/12.3.1/../../../../arm-none-eabi/lib/thumb/v7e-m/nofp/libc_nano.a(libc_a-lseekr.o)
[...]
Memory Configuration

Name             Origin             Length             Attributes
RAM              0x20000000         0x00010000         xrw
RAM2             0x10000000         0x00008000         xrw
FLASH            0x08000000         0x00040000         xr
*default*        0x00000000         0xffffffff

Linker script and memory map

LOAD /opt/st/stm32cubeide_1.17.0/plugins/com.st.stm32cube.ide.mcu.externaltools.gnu-tools-for-stm32.12.3.rel1.linux64_1.1.0.202410170702/tools/bin/../lib/gcc/arm-none-eabi/12.3.1/thumb/v7e-m/nofp/crti.o
LOAD /opt/st/stm32cubeide_1.17.0/plugins/com.st.stm32cube.ide.mcu.externaltools.gnu-tools-for-stm32.12.3.rel1.linux64_1.1.0.202410170702/tools/bin/../lib/gcc/arm-none-eabi/12.3.1/thumb/v7e-m/nofp/crtbegin.o
LOAD /opt/st/stm32cubeide_1.17.0/plugins/com.st.stm32cube.ide.mcu.externaltools.gnu-tools-for-stm32.12.3.rel1.linux64_1.1.0.202410170702/tools/bin/../lib/gcc/arm-none-eabi/12.3.1/../../../../arm-none-eabi/lib/thumb/v7e-m/nofp/crt0.o
LOAD ./Core/Src/gpio.o
LOAD ./Core/Src/i2c.o
LOAD ./Core/Src/main.o
LOAD ./Core/Src/spi.o
LOAD ./Core/Src/stm32wlxx_hal_msp.o
LOAD ./Core/Src/stm32wlxx_it.o
LOAD ./Core/Src/subghz.o
LOAD ./Core/Src/syscalls.o
LOAD ./Core/Src/sysmem.o
LOAD ./Core/Src/system_stm32wlxx.o
LOAD ./Core/Src/usart.o
LOAD ./Core/Startup/startup_stm32wl55jcix.o
LOAD ./Drivers/BSP/STM32WLxx_Nucleo/stm32wlxx_nucleo.o
LOAD ./Drivers/BSP/STM32WLxx_Nucleo/stm32wlxx_nucleo_radio.o
LOAD ./Drivers/Radio/radio_board_if.o
LOAD ./Drivers/Radio/radio_driver.o
LOAD ./Drivers/STM32WLxx_HAL_Driver/Src/stm32wlxx_hal.o
LOAD ./Drivers/STM32WLxx_HAL_Driver/Src/stm32wlxx_hal_cortex.o
LOAD ./Drivers/STM32WLxx_HAL_Driver/Src/stm32wlxx_hal_dma.o
LOAD ./Drivers/STM32WLxx_HAL_Driver/Src/stm32wlxx_hal_dma_ex.o
LOAD ./Drivers/STM32WLxx_HAL_Driver/Src/stm32wlxx_hal_exti.o
LOAD ./Drivers/STM32WLxx_HAL_Driver/Src/stm32wlxx_hal_flash.o
LOAD ./Drivers/STM32WLxx_HAL_Driver/Src/stm32wlxx_hal_flash_ex.o
LOAD ./Drivers/STM32WLxx_HAL_Driver/Src/stm32wlxx_hal_gpio.o
LOAD ./Drivers/STM32WLxx_HAL_Driver/Src/stm32wlxx_hal_i2c.o
LOAD ./Drivers/STM32WLxx_HAL_Driver/Src/stm32wlxx_hal_i2c_ex.o
LOAD ./Drivers/STM32WLxx_HAL_Driver/Src/stm32wlxx_hal_pwr.o
LOAD ./Drivers/STM32WLxx_HAL_Driver/Src/stm32wlxx_hal_pwr_ex.o
LOAD ./Drivers/STM32WLxx_HAL_Driver/Src/stm32wlxx_hal_rcc.o
LOAD ./Drivers/STM32WLxx_HAL_Driver/Src/stm32wlxx_hal_rcc_ex.o
LOAD ./Drivers/STM32WLxx_HAL_Driver/Src/stm32wlxx_hal_spi.o
LOAD ./Drivers/STM32WLxx_HAL_Driver/Src/stm32wlxx_hal_spi_ex.o
LOAD ./Drivers/STM32WLxx_HAL_Driver/Src/stm32wlxx_hal_subghz.o
LOAD ./Drivers/STM32WLxx_HAL_Driver/Src/stm32wlxx_hal_uart.o
LOAD ./Drivers/STM32WLxx_HAL_Driver/Src/stm32wlxx_hal_uart_ex.o
START GROUP
LOAD /opt/st/stm32cubeide_1.17.0/plugins/com.st.stm32cube.ide.mcu.externaltools.gnu-tools-for-stm32.12.3.rel1.linux64_1.1.0.202410170702/tools/bin/../lib/gcc/arm-none-eabi/12.3.1/../../../../arm-none-eabi/lib/thumb/v7e-m/nofp/libc_nano.a
LOAD /opt/st/stm32cubeide_1.17.0/plugins/com.st.stm32cube.ide.mcu.externaltools.gnu-tools-for-stm32.12.3.rel1.linux64_1.1.0.202410170702/tools/bin/../lib/gcc/arm-none-eabi/12.3.1/../../../../arm-none-eabi/lib/thumb/v7e-m/nofp/libm.a
END GROUP
START GROUP
LOAD /opt/st/stm32cubeide_1.17.0/plugins/com.st.stm32cube.ide.mcu.externaltools.gnu-tools-for-stm32.12.3.rel1.linux64_1.1.0.202410170702/tools/bin/../lib/gcc/arm-none-eabi/12.3.1/thumb/v7e-m/nofp/libgcc.a
LOAD /opt/st/stm32cubeide_1.17.0/plugins/com.st.stm32cube.ide.mcu.externaltools.gnu-tools-for-stm32.12.3.rel1.linux64_1.1.0.202410170702/tools/bin/../lib/gcc/arm-none-eabi/12.3.1/../../../../arm-none-eabi/lib/thumb/v7e-m/nofp/libc_nano.a
END GROUP
START GROUP
LOAD /opt/st/stm32cubeide_1.17.0/plugins/com.st.stm32cube.ide.mcu.externaltools.gnu-tools-for-stm32.12.3.rel1.linux64_1.1.0.202410170702/tools/bin/../lib/gcc/arm-none-eabi/12.3.1/thumb/v7e-m/nofp/libgcc.a
LOAD /opt/st/stm32cubeide_1.17.0/plugins/com.st.stm32cube.ide.mcu.externaltools.gnu-tools-for-stm32.12.3.rel1.linux64_1.1.0.202410170702/tools/bin/../lib/gcc/arm-none-eabi/12.3.1/../../../../arm-none-eabi/lib/thumb/v7e-m/nofp/libc_nano.a
LOAD /opt/st/stm32cubeide_1.17.0/plugins/com.st.stm32cube.ide.mcu.externaltools.gnu-tools-for-stm32.12.3.rel1.linux64_1.1.0.202410170702/tools/bin/../lib/gcc/arm-none-eabi/12.3.1/../../../../arm-none-eabi/lib/thumb/v7e-m/nofp/libnosys.a
END GROUP
START GROUP
LOAD /opt/st/stm32cubeide_1.17.0/plugins/com.st.stm32cube.ide.mcu.externaltools.gnu-tools-for-stm32.12.3.rel1.linux64_1.1.0.202410170702/tools/bin/../lib/gcc/arm-none-eabi/12.3.1/thumb/v7e-m/nofp/libgcc.a
LOAD /opt/st/stm32cubeide_1.17.0/plugins/com.st.stm32cube.ide.mcu.externaltools.gnu-tools-for-stm32.12.3.rel1.linux64_1.1.0.202410170702/tools/bin/../lib/gcc/arm-none-eabi/12.3.1/../../../../arm-none-eabi/lib/thumb/v7e-m/nofp/libc_nano.a
LOAD /opt/st/stm32cubeide_1.17.0/plugins/com.st.stm32cube.ide.mcu.externaltools.gnu-tools-for-stm32.12.3.rel1.linux64_1.1.0.202410170702/tools/bin/../lib/gcc/arm-none-eabi/12.3.1/../../../../arm-none-eabi/lib/thumb/v7e-m/nofp/libnosys.a
END GROUP
LOAD /opt/st/stm32cubeide_1.17.0/plugins/com.st.stm32cube.ide.mcu.externaltools.gnu-tools-for-stm32.12.3.rel1.linux64_1.1.0.202410170702/tools/bin/../lib/gcc/arm-none-eabi/12.3.1/thumb/v7e-m/nofp/crtend.o
LOAD /opt/st/stm32cubeide_1.17.0/plugins/com.st.stm32cube.ide.mcu.externaltools.gnu-tools-for-stm32.12.3.rel1.linux64_1.1.0.202410170702/tools/bin/../lib/gcc/arm-none-eabi/12.3.1/thumb/v7e-m/nofp/crtn.o
                0x20010000                        _estack = (ORIGIN (RAM) + LENGTH (RAM))
                0x00000200                        _Min_Heap_Size = 0x200
                0x00000400                        _Min_Stack_Size = 0x400

.isr_vector     0x08000000      0x138
                0x08000000                        . = ALIGN (0x4)
 *(.isr_vector)
 .isr_vector    0x08000000      0x138 ./Core/Startup/startup_stm32wl55jcix.o
                0x08000000                g_pfnVectors
                0x08000138                        . = ALIGN (0x4)

.text           0x08000140     0x6e90
                0x08000140                        . = ALIGN (0x4)
 *(.text)
 .text          0x08000140       0x40 /opt/st/stm32cubeide_1.17.0/plugins/com.st.stm32cube.ide.mcu.externaltools.gnu-tools-for-stm32.12.3.rel1.linux64_1.1.0.202410170702/tools/bin/../lib/gcc/arm-none-eabi/12.3.1/thumb/v7e-m/nofp/crtbegin.o
 .text          0x08000180       0x10 /opt/st/stm32cubeide_1.17.0/plugins/com.st.stm32cube.ide.mcu.externaltools.gnu-tools-for-stm32.12.3.rel1.linux64_1.1.0.202410170702/tools/bin/../lib/gcc/arm-none-eabi/12.3.1/../../../../arm-none-eabi/lib/thumb/v7e-m/nofp/libc_nano.a(libc_a-strlen.o)
                0x08000180                strlen
 .text          0x08000190       0xa0 /opt/st/stm32cubeide_1.17.0/plugins/com.st.stm32cube.ide.mcu.externaltools.gnu-tools-for-stm32.12.3.rel1.linux64_1.1.0.202410170702/tools/bin/../lib/gcc/arm-none-eabi/12.3.1/../../../../arm-none-eabi/lib/thumb/v7e-m/nofp/libc_nano.a(libc_a-memchr.o)
                0x08000190                memchr
 .text          0x08000230       0x30 /opt/st/stm32cubeide_1.17.0/plugins/com.st.stm32cube.ide.mcu.externaltools.gnu-tools-for-stm32.12.3.rel1.linux64_1.1.0.202410170702/tools/bin/../lib/gcc/arm-none-eabi/12.3.1/thumb/v7e-m/nofp/libgcc.a(_aeabi_uldivmod.o)
                0x08000230                __aeabi_uldivmod
 .text          0x08000260      0x2bc /opt/st/stm32cubeide_1.17.0/plugins/com.st.stm32cube.ide.mcu.externaltools.gnu-tools-for-stm32.12.3.rel1.linux64_1.1.0.202410170702/tools/bin/../lib/gcc/arm-none-eabi/12.3.1/thumb/v7e-m/nofp/libgcc.a(_udivmoddi4.o)
                0x08000260                __udivmoddi4
 .text          0x0800051c        0x4 /opt/st/stm32cubeide_1.17.0/plugins/com.st.stm32cube.ide.mcu.externaltools.gnu-tools-for-stm32.12.3.rel1.linux64_1.1.0.202410170702/tools/bin/../lib/gcc/arm-none-eabi/12.3.1/thumb/v7e-m/nofp/libgcc.a(_dvmd_tls.o)
                0x0800051c                __aeabi_ldiv0
                0x0800051c                __aeabi_idiv0
 *(.text*)
 .text.LL_AHB2_GRP1_EnableClock
                0x08000520       0x30 ./Core/Src/gpio.o
 .text.MX_GPIO_Init
                0x08000550       0x58 ./Core/Src/gpio.o
                0x08000550                MX_GPIO_Init
 .text.LL_AHB2_GRP1_EnableClock
                0x080005a8       0x30 ./Core/Src/i2c.o
 .text.LL_APB1_GRP1_EnableClock
                0x080005d8       0x30 ./Core/Src/i2c.o
 .text.MX_I2C1_Init
                0x08000608       0x80 ./Core/Src/i2c.o
                0x08000608                MX_I2C1_Init
 .text.HAL_I2C_MspInit
                0x08000688       0x90 ./Core/Src/i2c.o
                0x08000688                HAL_I2C_MspInit
 .text.LL_AHB2_GRP1_EnableClock
                0x08000718       0x30 ./Core/Src/main.o
 .text.main     0x08000748      0x250 ./Core/Src/main.o
                0x08000748                main
 .text.SystemClock_Config
                0x08000998       0xa4 ./Core/Src/main.o
                0x08000998                SystemClock_Config
 .text.radioInit
                0x08000a3c       0x90 ./Core/Src/main.o
                0x08000a3c                radioInit
 .text.RadioOnDioIrq
                0x08000acc       0x38 ./Core/Src/main.o
                0x08000acc                RadioOnDioIrq
 .text.HAL_SPI_RxCpltCallback
                0x08000b04       0xec ./Core/Src/main.o
                0x08000b04                HAL_SPI_RxCpltCallback
 .text.HAL_SPI_ErrorCallback
                0x08000bf0       0x58 ./Core/Src/main.o
                0x08000bf0                HAL_SPI_ErrorCallback
 .text.Error_Handler
                0x08000c48        0xc ./Core/Src/main.o
                0x08000c48                Error_Handler
 .text.LL_AHB2_GRP1_EnableClock
                0x08000c54       0x30 ./Core/Src/spi.o
 .text.LL_APB2_GRP1_EnableClock
                0x08000c84       0x30 ./Core/Src/spi.o
 .text.MX_SPI1_Init
                0x08000cb4       0x70 ./Core/Src/spi.o
                0x08000cb4                MX_SPI1_Init
 .text.HAL_SPI_MspInit
                0x08000d24       0x9c ./Core/Src/spi.o
                0x08000d24                HAL_SPI_MspInit
 .text.HAL_MspInit
                0x08000dc0        0xc ./Core/Src/stm32wlxx_hal_msp.o
                0x08000dc0                HAL_MspInit
 .text.NMI_Handler
                0x08000dcc        0x8 ./Core/Src/stm32wlxx_it.o
                0x08000dcc                NMI_Handler
 .text.HardFault_Handler
                0x08000dd4        0x8 ./Core/Src/stm32wlxx_it.o
                0x08000dd4                HardFault_Handler
 .text.MemManage_Handler
                0x08000ddc        0x8 ./Core/Src/stm32wlxx_it.o
                0x08000ddc                MemManage_Handler
 .text.BusFault_Handler
                0x08000de4        0x8 ./Core/Src/stm32wlxx_it.o
                0x08000de4                BusFault_Handler
 .text.UsageFault_Handler
                0x08000dec        0x8 ./Core/Src/stm32wlxx_it.o
                0x08000dec                UsageFault_Handler
 .text.SVC_Handler
                0x08000df4        0xc ./Core/Src/stm32wlxx_it.o
                0x08000df4                SVC_Handler
 .text.DebugMon_Handler
                0x08000e00        0xc ./Core/Src/stm32wlxx_it.o
                0x08000e00                DebugMon_Handler
 .text.PendSV_Handler
                0x08000e0c        0xc ./Core/Src/stm32wlxx_it.o
                0x08000e0c                PendSV_Handler
 .text.SysTick_Handler
                0x08000e18        0xc ./Core/Src/stm32wlxx_it.o
                0x08000e18                SysTick_Handler
 .text.SPI1_IRQHandler
                0x08000e24       0x14 ./Core/Src/stm32wlxx_it.o
                0x08000e24                SPI1_IRQHandler
 .text.SUBGHZ_Radio_IRQHandler
                0x08000e38       0x14 ./Core/Src/stm32wlxx_it.o
                0x08000e38                SUBGHZ_Radio_IRQHandler
 .text.LL_APB3_GRP1_EnableClock
                0x08000e4c       0x30 ./Core/Src/subghz.o
 .text.MX_SUBGHZ_Init
                0x08000e7c       0x24 ./Core/Src/subghz.o
                0x08000e7c                MX_SUBGHZ_Init
 .text.HAL_SUBGHZ_MspInit
                0x08000ea0       0x26 ./Core/Src/subghz.o
                0x08000ea0                HAL_SUBGHZ_MspInit
 *fill*         0x08000ec6        0x2 
 .text._sbrk    0x08000ec8       0x6c ./Core/Src/sysmem.o
                0x08000ec8                _sbrk
 .text.SystemInit
                0x08000f34        0xc ./Core/Src/system_stm32wlxx.o
                0x08000f34                SystemInit
 .text.LL_AHB2_GRP1_EnableClock
                0x08000f40       0x30 ./Core/Src/usart.o
 .text.LL_APB1_GRP1_EnableClock
                0x08000f70       0x30 ./Core/Src/usart.o
 .text.MX_USART2_UART_Init
                0x08000fa0       0x98 ./Core/Src/usart.o
                0x08000fa0                MX_USART2_UART_Init
 .text.HAL_UART_MspInit
                0x08001038       0x8c ./Core/Src/usart.o
                0x08001038                HAL_UART_MspInit
 .text.Reset_Handler
                0x080010c4       0x50 ./Core/Startup/startup_stm32wl55jcix.o
                0x080010c4                Reset_Handler
 .text.Default_Handler
                0x08001114        0x2 ./Core/Startup/startup_stm32wl55jcix.o
                0x08001114                RTC_Alarm_IRQHandler
                0x08001114                EXTI2_IRQHandler
                0x08001114                TIM1_CC_IRQHandler
                0x08001114                EXTI3_IRQHandler
                0x08001114                LPTIM2_IRQHandler
                0x08001114                I2C3_ER_IRQHandler
                0x08001114                LPTIM3_IRQHandler
                0x08001114                EXTI0_IRQHandler
                0x08001114                I2C2_EV_IRQHandler
                0x08001114                TAMP_STAMP_LSECSS_SSRU_IRQHandler
                0x08001114                DMA2_Channel2_IRQHandler
                0x08001114                DMA1_Channel4_IRQHandler
                0x08001114                PKA_IRQHandler
                0x08001114                TIM17_IRQHandler
                0x08001114                DMA1_Channel7_IRQHandler
                0x08001114                SUBGHZSPI_IRQHandler
                0x08001114                IPCC_C1_TX_IRQHandler
                0x08001114                DMA2_Channel1_IRQHandler
                0x08001114                I2C1_EV_IRQHandler
                0x08001114                DMAMUX1_OVR_IRQHandler
                0x08001114                DMA1_Channel6_IRQHandler
                0x08001114                TIM16_IRQHandler
                0x08001114                DMA2_Channel4_IRQHandler
                0x08001114                RCC_IRQHandler
                0x08001114                TIM1_TRG_COM_IRQHandler
                0x08001114                DMA1_Channel1_IRQHandler
                0x08001114                Default_Handler
                0x08001114                DMA2_Channel7_IRQHandler
                0x08001114                EXTI15_10_IRQHandler
                0x08001114                IPCC_C1_RX_IRQHandler
                0x08001114                ADC_IRQHandler
                0x08001114                C2SEV_PWR_C2H_IRQHandler
                0x08001114                I2C3_EV_IRQHandler
                0x08001114                EXTI9_5_IRQHandler
                0x08001114                RTC_WKUP_IRQHandler
                0x08001114                PVD_PVM_IRQHandler
                0x08001114                SPI2_IRQHandler
                0x08001114                DMA2_Channel5_IRQHandler
                0x08001114                DMA1_Channel5_IRQHandler
                0x08001114                EXTI4_IRQHandler
                0x08001114                RNG_IRQHandler
                0x08001114                DMA1_Channel3_IRQHandler
                0x08001114                COMP_IRQHandler
                0x08001114                HSEM_IRQHandler
                0x08001114                TIM1_UP_IRQHandler
                0x08001114                WWDG_IRQHandler
                0x08001114                LPUART1_IRQHandler
                0x08001114                DMA2_Channel6_IRQHandler
                0x08001114                TIM2_IRQHandler
                0x08001114                TIM1_BRK_IRQHandler
                0x08001114                DAC_IRQHandler
                0x08001114                EXTI1_IRQHandler
                0x08001114                AES_IRQHandler
                0x08001114                USART2_IRQHandler
                0x08001114                I2C2_ER_IRQHandler
                0x08001114                DMA1_Channel2_IRQHandler
                0x08001114                FLASH_IRQHandler
                0x08001114                USART1_IRQHandler
                0x08001114                I2C1_ER_IRQHandler
                0x08001114                LPTIM1_IRQHandler
                0x08001114                DMA2_Channel3_IRQHandler
 .text.LL_AHB2_GRP1_EnableClock
                0x08001116       0x30 ./Drivers/BSP/STM32WLxx_Nucleo/stm32wlxx_nucleo.o
 *fill*         0x08001146        0x2 
 .text.BSP_LED_Init
                0x08001148       0x74 ./Drivers/BSP/STM32WLxx_Nucleo/stm32wlxx_nucleo.o
                0x08001148                BSP_LED_Init
 .text.BSP_LED_Toggle
                0x080011bc       0x34 ./Drivers/BSP/STM32WLxx_Nucleo/stm32wlxx_nucleo.o
                0x080011bc                BSP_LED_Toggle
 .text.LL_AHB2_GRP1_EnableClock
                0x080011f0       0x30 ./Drivers/BSP/STM32WLxx_Nucleo/stm32wlxx_nucleo_radio.o
 .text.BSP_RADIO_Init
                0x08001220       0x7c ./Drivers/BSP/STM32WLxx_Nucleo/stm32wlxx_nucleo_radio.o
                0x08001220                BSP_RADIO_Init
 .text.BSP_RADIO_ConfigRFSwitch
                0x0800129c       0xb8 ./Drivers/BSP/STM32WLxx_Nucleo/stm32wlxx_nucleo_radio.o
                0x0800129c                BSP_RADIO_ConfigRFSwitch
 .text.BSP_RADIO_GetTxConfig
                0x08001354        0xe ./Drivers/BSP/STM32WLxx_Nucleo/stm32wlxx_nucleo_radio.o
                0x08001354                BSP_RADIO_GetTxConfig
 .text.BSP_RADIO_IsTCXO
                0x08001362        0xe ./Drivers/BSP/STM32WLxx_Nucleo/stm32wlxx_nucleo_radio.o
                0x08001362                BSP_RADIO_IsTCXO
 .text.BSP_RADIO_IsDCDC
                0x08001370        0xe ./Drivers/BSP/STM32WLxx_Nucleo/stm32wlxx_nucleo_radio.o
                0x08001370                BSP_RADIO_IsDCDC
 .text.BSP_RADIO_GetRFOMaxPowerConfig
                0x0800137e       0x26 ./Drivers/BSP/STM32WLxx_Nucleo/stm32wlxx_nucleo_radio.o
                0x0800137e                BSP_RADIO_GetRFOMaxPowerConfig
 .text.RBI_Init
                0x080013a4        0xe ./Drivers/Radio/radio_board_if.o
                0x080013a4                RBI_Init
 .text.RBI_ConfigRFSwitch
                0x080013b2       0x1c ./Drivers/Radio/radio_board_if.o
                0x080013b2                RBI_ConfigRFSwitch
 .text.RBI_GetTxConfig
                0x080013ce        0xe ./Drivers/Radio/radio_board_if.o
                0x080013ce                RBI_GetTxConfig
 .text.RBI_IsTCXO
                0x080013dc        0xe ./Drivers/Radio/radio_board_if.o
                0x080013dc                RBI_IsTCXO
 .text.RBI_IsDCDC
                0x080013ea        0xe ./Drivers/Radio/radio_board_if.o
                0x080013ea                RBI_IsDCDC
 .text.RBI_GetRFOMaxPowerConfig
                0x080013f8       0x1c ./Drivers/Radio/radio_board_if.o
                0x080013f8                RBI_GetRFOMaxPowerConfig
 .text.SUBGRF_Init
                0x08001414       0x90 ./Drivers/Radio/radio_driver.o
                0x08001414                SUBGRF_Init
 .text.SUBGRF_SetPayload
                0x080014a4       0x20 ./Drivers/Radio/radio_driver.o
                0x080014a4                SUBGRF_SetPayload
 .text.SUBGRF_SendPayload
                0x080014c4       0x26 ./Drivers/Radio/radio_driver.o
                0x080014c4                SUBGRF_SendPayload
 .text.SUBGRF_SetCrcSeed
                0x080014ea       0x40 ./Drivers/Radio/radio_driver.o
                0x080014ea                SUBGRF_SetCrcSeed
 .text.SUBGRF_SetCrcPolynomial
                0x0800152a       0x40 ./Drivers/Radio/radio_driver.o
                0x0800152a                SUBGRF_SetCrcPolynomial
 *fill*         0x0800156a        0x2 
 .text.SUBGRF_SetStandby
                0x0800156c       0x38 ./Drivers/Radio/radio_driver.o
                0x0800156c                SUBGRF_SetStandby
 .text.SUBGRF_SetTx
                0x080015a4       0x40 ./Drivers/Radio/radio_driver.o
                0x080015a4                SUBGRF_SetTx
 .text.SUBGRF_Calibrate
                0x080015e4       0x8c ./Drivers/Radio/radio_driver.o
                0x080015e4                SUBGRF_Calibrate
 .text.SUBGRF_CalibrateImage
                0x08001670       0x94 ./Drivers/Radio/radio_driver.o
                0x08001670                SUBGRF_CalibrateImage
 .text.SUBGRF_SetPaConfig
                0x08001704       0x44 ./Drivers/Radio/radio_driver.o
                0x08001704                SUBGRF_SetPaConfig
 .text.SUBGRF_SetDioIrqParams
                0x08001748       0x74 ./Drivers/Radio/radio_driver.o
                0x08001748                SUBGRF_SetDioIrqParams
 .text.SUBGRF_SetTcxoMode
                0x080017bc       0x42 ./Drivers/Radio/radio_driver.o
                0x080017bc                SUBGRF_SetTcxoMode
 *fill*         0x080017fe        0x2 
 .text.SUBGRF_SetRfFrequency
                0x08001800       0x8c ./Drivers/Radio/radio_driver.o
                0x08001800                SUBGRF_SetRfFrequency
 .text.SUBGRF_SetPacketType
                0x0800188c       0x38 ./Drivers/Radio/radio_driver.o
                0x0800188c                SUBGRF_SetPacketType
 .text.SUBGRF_GetPacketType
                0x080018c4       0x14 ./Drivers/Radio/radio_driver.o
                0x080018c4                SUBGRF_GetPacketType
 .text.SUBGRF_SetTxParams
                0x080018d8      0x19a ./Drivers/Radio/radio_driver.o
                0x080018d8                SUBGRF_SetTxParams
 *fill*         0x08001a72        0x2 
 .text.SUBGRF_SetModulationParams
                0x08001a74      0x1a4 ./Drivers/Radio/radio_driver.o
                0x08001a74                SUBGRF_SetModulationParams
 .text.SUBGRF_SetPacketParams
                0x08001c18      0x13c ./Drivers/Radio/radio_driver.o
                0x08001c18                SUBGRF_SetPacketParams
 .text.SUBGRF_SetBufferBaseAddress
                0x08001d54       0x2e ./Drivers/Radio/radio_driver.o
                0x08001d54                SUBGRF_SetBufferBaseAddress
 *fill*         0x08001d82        0x2 
 .text.SUBGRF_WriteRegister
                0x08001d84       0x28 ./Drivers/Radio/radio_driver.o
                0x08001d84                SUBGRF_WriteRegister
 .text.SUBGRF_ReadRegister
                0x08001dac       0x28 ./Drivers/Radio/radio_driver.o
                0x08001dac                SUBGRF_ReadRegister
 .text.SUBGRF_WriteRegisters
                0x08001dd4       0x44 ./Drivers/Radio/radio_driver.o
                0x08001dd4                SUBGRF_WriteRegisters
 .text.SUBGRF_WriteBuffer
                0x08001e18       0x44 ./Drivers/Radio/radio_driver.o
                0x08001e18                SUBGRF_WriteBuffer
 .text.SUBGRF_WriteCommand
                0x08001e5c       0x44 ./Drivers/Radio/radio_driver.o
                0x08001e5c                SUBGRF_WriteCommand
 .text.SUBGRF_SetSwitch
                0x08001ea0       0x50 ./Drivers/Radio/radio_driver.o
                0x08001ea0                SUBGRF_SetSwitch
 .text.SUBGRF_SetRfTxPower
                0x08001ef0       0x68 ./Drivers/Radio/radio_driver.o
                0x08001ef0                SUBGRF_SetRfTxPower
 .text.HAL_SUBGHZ_TxCpltCallback
                0x08001f58       0x1c ./Drivers/Radio/radio_driver.o
                0x08001f58                HAL_SUBGHZ_TxCpltCallback
 .text.HAL_SUBGHZ_RxCpltCallback
                0x08001f74       0x1c ./Drivers/Radio/radio_driver.o
                0x08001f74                HAL_SUBGHZ_RxCpltCallback
 .text.HAL_SUBGHZ_CRCErrorCallback
                0x08001f90       0x1c ./Drivers/Radio/radio_driver.o
                0x08001f90                HAL_SUBGHZ_CRCErrorCallback
 .text.HAL_SUBGHZ_CADStatusCallback
                0x08001fac       0x3c ./Drivers/Radio/radio_driver.o
                0x08001fac                HAL_SUBGHZ_CADStatusCallback
 .text.HAL_SUBGHZ_RxTxTimeoutCallback
                0x08001fe8       0x20 ./Drivers/Radio/radio_driver.o
                0x08001fe8                HAL_SUBGHZ_RxTxTimeoutCallback
 .text.HAL_SUBGHZ_HeaderErrorCallback
                0x08002008       0x1c ./Drivers/Radio/radio_driver.o
                0x08002008                HAL_SUBGHZ_HeaderErrorCallback
 .text.HAL_SUBGHZ_PreambleDetectedCallback
                0x08002024       0x1c ./Drivers/Radio/radio_driver.o
                0x08002024                HAL_SUBGHZ_PreambleDetectedCallback
 .text.HAL_SUBGHZ_SyncWordValidCallback
                0x08002040       0x1c ./Drivers/Radio/radio_driver.o
                0x08002040                HAL_SUBGHZ_SyncWordValidCallback
 .text.HAL_SUBGHZ_HeaderValidCallback
                0x0800205c       0x1c ./Drivers/Radio/radio_driver.o
                0x0800205c                HAL_SUBGHZ_HeaderValidCallback
 .text.HAL_SUBGHZ_LrFhssHopCallback
                0x08002078       0x20 ./Drivers/Radio/radio_driver.o
                0x08002078                HAL_SUBGHZ_LrFhssHopCallback
 .text.Radio_SMPS_Set
                0x08002098       0x42 ./Drivers/Radio/radio_driver.o
 *fill*         0x080020da        0x2 
 .text.HAL_Init
                0x080020dc       0x40 ./Drivers/STM32WLxx_HAL_Driver/Src/stm32wlxx_hal.o
                0x080020dc                HAL_Init
 .text.HAL_InitTick
                0x0800211c       0x74 ./Drivers/STM32WLxx_HAL_Driver/Src/stm32wlxx_hal.o
                0x0800211c                HAL_InitTick
 .text.HAL_IncTick
                0x08002190       0x24 ./Drivers/STM32WLxx_HAL_Driver/Src/stm32wlxx_hal.o
                0x08002190                HAL_IncTick
 .text.HAL_GetTick
                0x080021b4       0x14 ./Drivers/STM32WLxx_HAL_Driver/Src/stm32wlxx_hal.o
                0x080021b4                HAL_GetTick
 .text.HAL_Delay
                0x080021c8       0x48 ./Drivers/STM32WLxx_HAL_Driver/Src/stm32wlxx_hal.o
                0x080021c8                HAL_Delay
 .text.__NVIC_SetPriorityGrouping
                0x08002210       0x48 ./Drivers/STM32WLxx_HAL_Driver/Src/stm32wlxx_hal_cortex.o
 .text.__NVIC_GetPriorityGrouping
                0x08002258       0x1c ./Drivers/STM32WLxx_HAL_Driver/Src/stm32wlxx_hal_cortex.o
 .text.__NVIC_EnableIRQ
                0x08002274       0x38 ./Drivers/STM32WLxx_HAL_Driver/Src/stm32wlxx_hal_cortex.o
 .text.__NVIC_SetPriority
                0x080022ac       0x54 ./Drivers/STM32WLxx_HAL_Driver/Src/stm32wlxx_hal_cortex.o
 .text.NVIC_EncodePriority
                0x08002300       0x64 ./Drivers/STM32WLxx_HAL_Driver/Src/stm32wlxx_hal_cortex.o
 .text.SysTick_Config
                0x08002364       0x44 ./Drivers/STM32WLxx_HAL_Driver/Src/stm32wlxx_hal_cortex.o
 .text.HAL_NVIC_SetPriorityGrouping
                0x080023a8       0x16 ./Drivers/STM32WLxx_HAL_Driver/Src/stm32wlxx_hal_cortex.o
                0x080023a8                HAL_NVIC_SetPriorityGrouping
 .text.HAL_NVIC_SetPriority
                0x080023be       0x34 ./Drivers/STM32WLxx_HAL_Driver/Src/stm32wlxx_hal_cortex.o
                0x080023be                HAL_NVIC_SetPriority
 .text.HAL_NVIC_EnableIRQ
                0x080023f2       0x1c ./Drivers/STM32WLxx_HAL_Driver/Src/stm32wlxx_hal_cortex.o
                0x080023f2                HAL_NVIC_EnableIRQ
 .text.HAL_SYSTICK_Config
                0x0800240e       0x18 ./Drivers/STM32WLxx_HAL_Driver/Src/stm32wlxx_hal_cortex.o
                0x0800240e                HAL_SYSTICK_Config
 .text.HAL_DMA_Abort_IT
                0x08002426       0xbe ./Drivers/STM32WLxx_HAL_Driver/Src/stm32wlxx_hal_dma.o
                0x08002426                HAL_DMA_Abort_IT
 .text.HAL_GPIO_Init
                0x080024e4      0x2c0 ./Drivers/STM32WLxx_HAL_Driver/Src/stm32wlxx_hal_gpio.o
                0x080024e4                HAL_GPIO_Init
 .text.HAL_GPIO_WritePin
                0x080027a4       0x2e ./Drivers/STM32WLxx_HAL_Driver/Src/stm32wlxx_hal_gpio.o
                0x080027a4                HAL_GPIO_WritePin
 .text.HAL_GPIO_TogglePin
                0x080027d2       0x32 ./Drivers/STM32WLxx_HAL_Driver/Src/stm32wlxx_hal_gpio.o
                0x080027d2                HAL_GPIO_TogglePin
 .text.HAL_I2C_Init
                0x08002804      0x136 ./Drivers/STM32WLxx_HAL_Driver/Src/stm32wlxx_hal_i2c.o
                0x08002804                HAL_I2C_Init
 .text.HAL_I2CEx_ConfigAnalogFilter
                0x0800293a       0x94 ./Drivers/STM32WLxx_HAL_Driver/Src/stm32wlxx_hal_i2c_ex.o
                0x0800293a                HAL_I2CEx_ConfigAnalogFilter
 .text.HAL_I2CEx_ConfigDigitalFilter
                0x080029ce       0x96 ./Drivers/STM32WLxx_HAL_Driver/Src/stm32wlxx_hal_i2c_ex.o
                0x080029ce                HAL_I2CEx_ConfigDigitalFilter
 .text.HAL_PWR_EnableBkUpAccess
                0x08002a64       0x1c ./Drivers/STM32WLxx_HAL_Driver/Src/stm32wlxx_hal_pwr.o
                0x08002a64                HAL_PWR_EnableBkUpAccess
 .text.HAL_PWREx_GetVoltageRange
                0x08002a80       0x18 ./Drivers/STM32WLxx_HAL_Driver/Src/stm32wlxx_hal_pwr_ex.o
                0x08002a80                HAL_PWREx_GetVoltageRange
 .text.LL_PWR_IsEnabledBkUpAccess
                0x08002a98       0x24 ./Drivers/STM32WLxx_HAL_Driver/Src/stm32wlxx_hal_rcc.o
 .text.LL_RCC_HSE_EnableTcxo
                0x08002abc       0x1c ./Drivers/STM32WLxx_HAL_Driver/Src/stm32wlxx_hal_rcc.o
 .text.LL_RCC_HSE_DisableTcxo
                0x08002ad8       0x1c ./Drivers/STM32WLxx_HAL_Driver/Src/stm32wlxx_hal_rcc.o
 .text.LL_RCC_HSE_IsEnabledDiv2
                0x08002af4       0x22 ./Drivers/STM32WLxx_HAL_Driver/Src/stm32wlxx_hal_rcc.o
 .text.LL_RCC_HSE_Enable
                0x08002b16       0x1c ./Drivers/STM32WLxx_HAL_Driver/Src/stm32wlxx_hal_rcc.o
 .text.LL_RCC_HSE_Disable
                0x08002b32       0x1c ./Drivers/STM32WLxx_HAL_Driver/Src/stm32wlxx_hal_rcc.o
 .text.LL_RCC_HSE_IsReady
                0x08002b4e       0x22 ./Drivers/STM32WLxx_HAL_Driver/Src/stm32wlxx_hal_rcc.o
 .text.LL_RCC_HSI_Enable
                0x08002b70       0x1c ./Drivers/STM32WLxx_HAL_Driver/Src/stm32wlxx_hal_rcc.o
 .text.LL_RCC_HSI_Disable
                0x08002b8c       0x1c ./Drivers/STM32WLxx_HAL_Driver/Src/stm32wlxx_hal_rcc.o
 .text.LL_RCC_HSI_IsReady
                0x08002ba8       0x22 ./Drivers/STM32WLxx_HAL_Driver/Src/stm32wlxx_hal_rcc.o
 .text.LL_RCC_HSI_SetCalibTrimming
                0x08002bca       0x28 ./Drivers/STM32WLxx_HAL_Driver/Src/stm32wlxx_hal_rcc.o
 .text.LL_RCC_LSE_IsReady
                0x08002bf2       0x22 ./Drivers/STM32WLxx_HAL_Driver/Src/stm32wlxx_hal_rcc.o
 .text.LL_RCC_LSI_Enable
                0x08002c14       0x20 ./Drivers/STM32WLxx_HAL_Driver/Src/stm32wlxx_hal_rcc.o
 .text.LL_RCC_LSI_Disable
                0x08002c34       0x20 ./Drivers/STM32WLxx_HAL_Driver/Src/stm32wlxx_hal_rcc.o
 .text.LL_RCC_LSI_IsReady
                0x08002c54       0x22 ./Drivers/STM32WLxx_HAL_Driver/Src/stm32wlxx_hal_rcc.o
 .text.LL_RCC_MSI_Enable
                0x08002c76       0x1c ./Drivers/STM32WLxx_HAL_Driver/Src/stm32wlxx_hal_rcc.o
 .text.LL_RCC_MSI_Disable
                0x08002c92       0x1c ./Drivers/STM32WLxx_HAL_Driver/Src/stm32wlxx_hal_rcc.o
 .text.LL_RCC_MSI_IsReady
                0x08002cae       0x20 ./Drivers/STM32WLxx_HAL_Driver/Src/stm32wlxx_hal_rcc.o
 .text.LL_RCC_MSI_IsEnabledRangeSelect
                0x08002cce       0x20 ./Drivers/STM32WLxx_HAL_Driver/Src/stm32wlxx_hal_rcc.o
 .text.LL_RCC_MSI_GetRange
                0x08002cee       0x16 ./Drivers/STM32WLxx_HAL_Driver/Src/stm32wlxx_hal_rcc.o
 .text.LL_RCC_MSI_GetRangeAfterStandby
                0x08002d04       0x18 ./Drivers/STM32WLxx_HAL_Driver/Src/stm32wlxx_hal_rcc.o
 .text.LL_RCC_MSI_SetCalibTrimming
                0x08002d1c       0x28 ./Drivers/STM32WLxx_HAL_Driver/Src/stm32wlxx_hal_rcc.o
 .text.LL_RCC_SetSysClkSource
                0x08002d44       0x26 ./Drivers/STM32WLxx_HAL_Driver/Src/stm32wlxx_hal_rcc.o
 .text.LL_RCC_GetSysClkSource
                0x08002d6a       0x16 ./Drivers/STM32WLxx_HAL_Driver/Src/stm32wlxx_hal_rcc.o
 .text.LL_RCC_SetAHBPrescaler
                0x08002d80       0x26 ./Drivers/STM32WLxx_HAL_Driver/Src/stm32wlxx_hal_rcc.o
 .text.LL_C2_RCC_SetAHBPrescaler
                0x08002da6       0x2a ./Drivers/STM32WLxx_HAL_Driver/Src/stm32wlxx_hal_rcc.o
 .text.LL_RCC_SetAHB3Prescaler
                0x08002dd0       0x2c ./Drivers/STM32WLxx_HAL_Driver/Src/stm32wlxx_hal_rcc.o
 .text.LL_RCC_SetAPB1Prescaler
                0x08002dfc       0x26 ./Drivers/STM32WLxx_HAL_Driver/Src/stm32wlxx_hal_rcc.o
 .text.LL_RCC_SetAPB2Prescaler
                0x08002e22       0x26 ./Drivers/STM32WLxx_HAL_Driver/Src/stm32wlxx_hal_rcc.o
 .text.LL_RCC_GetAHBPrescaler
                0x08002e48       0x16 ./Drivers/STM32WLxx_HAL_Driver/Src/stm32wlxx_hal_rcc.o
 .text.LL_RCC_GetAHB3Prescaler
                0x08002e5e       0x1a ./Drivers/STM32WLxx_HAL_Driver/Src/stm32wlxx_hal_rcc.o
 .text.LL_RCC_GetAPB1Prescaler
                0x08002e78       0x16 ./Drivers/STM32WLxx_HAL_Driver/Src/stm32wlxx_hal_rcc.o
 .text.LL_RCC_GetAPB2Prescaler
                0x08002e8e       0x16 ./Drivers/STM32WLxx_HAL_Driver/Src/stm32wlxx_hal_rcc.o
 .text.LL_RCC_PLL_Enable
                0x08002ea4       0x1c ./Drivers/STM32WLxx_HAL_Driver/Src/stm32wlxx_hal_rcc.o
 .text.LL_RCC_PLL_Disable
                0x08002ec0       0x1c ./Drivers/STM32WLxx_HAL_Driver/Src/stm32wlxx_hal_rcc.o
 .text.LL_RCC_PLL_IsReady
                0x08002edc       0x22 ./Drivers/STM32WLxx_HAL_Driver/Src/stm32wlxx_hal_rcc.o
 .text.LL_RCC_PLL_GetN
                0x08002efe       0x18 ./Drivers/STM32WLxx_HAL_Driver/Src/stm32wlxx_hal_rcc.o
 .text.LL_RCC_PLL_GetR
                0x08002f16       0x16 ./Drivers/STM32WLxx_HAL_Driver/Src/stm32wlxx_hal_rcc.o
 .text.LL_RCC_PLL_GetDivider
                0x08002f2c       0x16 ./Drivers/STM32WLxx_HAL_Driver/Src/stm32wlxx_hal_rcc.o
 .text.LL_RCC_PLL_GetMainSource
                0x08002f42       0x16 ./Drivers/STM32WLxx_HAL_Driver/Src/stm32wlxx_hal_rcc.o
 .text.LL_RCC_IsActiveFlag_HPRE
                0x08002f58       0x22 ./Drivers/STM32WLxx_HAL_Driver/Src/stm32wlxx_hal_rcc.o
 .text.LL_RCC_IsActiveFlag_C2HPRE
                0x08002f7a       0x24 ./Drivers/STM32WLxx_HAL_Driver/Src/stm32wlxx_hal_rcc.o
 .text.LL_RCC_IsActiveFlag_SHDHPRE
                0x08002f9e       0x24 ./Drivers/STM32WLxx_HAL_Driver/Src/stm32wlxx_hal_rcc.o
 .text.LL_RCC_IsActiveFlag_PPRE1
                0x08002fc2       0x22 ./Drivers/STM32WLxx_HAL_Driver/Src/stm32wlxx_hal_rcc.o
 .text.LL_RCC_IsActiveFlag_PPRE2
                0x08002fe4       0x22 ./Drivers/STM32WLxx_HAL_Driver/Src/stm32wlxx_hal_rcc.o
 *fill*         0x08003006        0x2 
 .text.HAL_RCC_OscConfig
                0x08003008      0x704 ./Drivers/STM32WLxx_HAL_Driver/Src/stm32wlxx_hal_rcc.o
                0x08003008                HAL_RCC_OscConfig
 .text.HAL_RCC_ClockConfig
                0x0800370c      0x284 ./Drivers/STM32WLxx_HAL_Driver/Src/stm32wlxx_hal_rcc.o
                0x0800370c                HAL_RCC_ClockConfig
 .text.HAL_RCC_GetSysClockFreq
                0x08003990      0x140 ./Drivers/STM32WLxx_HAL_Driver/Src/stm32wlxx_hal_rcc.o
                0x08003990                HAL_RCC_GetSysClockFreq
 .text.HAL_RCC_GetHCLKFreq
                0x08003ad0       0x28 ./Drivers/STM32WLxx_HAL_Driver/Src/stm32wlxx_hal_rcc.o
                0x08003ad0                HAL_RCC_GetHCLKFreq
 .text.HAL_RCC_GetPCLK1Freq
                0x08003af8       0x24 ./Drivers/STM32WLxx_HAL_Driver/Src/stm32wlxx_hal_rcc.o
                0x08003af8                HAL_RCC_GetPCLK1Freq
 .text.HAL_RCC_GetPCLK2Freq
                0x08003b1c       0x24 ./Drivers/STM32WLxx_HAL_Driver/Src/stm32wlxx_hal_rcc.o
                0x08003b1c                HAL_RCC_GetPCLK2Freq
 .text.RCC_SetFlashLatencyFromMSIRange
                0x08003b40       0x60 ./Drivers/STM32WLxx_HAL_Driver/Src/stm32wlxx_hal_rcc.o
 .text.RCC_SetFlashLatency
                0x08003ba0      0x104 ./Drivers/STM32WLxx_HAL_Driver/Src/stm32wlxx_hal_rcc.o
 .text.LL_RCC_LSE_IsReady
                0x08003ca4       0x22 ./Drivers/STM32WLxx_HAL_Driver/Src/stm32wlxx_hal_rcc_ex.o
 .text.LL_RCC_SetUSARTClockSource
                0x08003cc6       0x30 ./Drivers/STM32WLxx_HAL_Driver/Src/stm32wlxx_hal_rcc_ex.o
 .text.LL_RCC_SetI2SClockSource
                0x08003cf6       0x2a ./Drivers/STM32WLxx_HAL_Driver/Src/stm32wlxx_hal_rcc_ex.o
 .text.LL_RCC_SetLPUARTClockSource
                0x08003d20       0x2a ./Drivers/STM32WLxx_HAL_Driver/Src/stm32wlxx_hal_rcc_ex.o
 .text.LL_RCC_SetI2CClockSource
                0x08003d4a       0x38 ./Drivers/STM32WLxx_HAL_Driver/Src/stm32wlxx_hal_rcc_ex.o
 .text.LL_RCC_SetLPTIMClockSource
                0x08003d82       0x32 ./Drivers/STM32WLxx_HAL_Driver/Src/stm32wlxx_hal_rcc_ex.o
 .text.LL_RCC_SetRNGClockSource
                0x08003db4       0x2a ./Drivers/STM32WLxx_HAL_Driver/Src/stm32wlxx_hal_rcc_ex.o
 .text.LL_RCC_SetADCClockSource
                0x08003dde       0x2a ./Drivers/STM32WLxx_HAL_Driver/Src/stm32wlxx_hal_rcc_ex.o
 .text.LL_RCC_SetRTCClockSource
                0x08003e08       0x2a ./Drivers/STM32WLxx_HAL_Driver/Src/stm32wlxx_hal_rcc_ex.o
 .text.LL_RCC_GetRTCClockSource
                0x08003e32       0x18 ./Drivers/STM32WLxx_HAL_Driver/Src/stm32wlxx_hal_rcc_ex.o
 .text.LL_RCC_ForceBackupDomainReset
                0x08003e4a       0x20 ./Drivers/STM32WLxx_HAL_Driver/Src/stm32wlxx_hal_rcc_ex.o
 .text.LL_RCC_ReleaseBackupDomainReset
                0x08003e6a       0x20 ./Drivers/STM32WLxx_HAL_Driver/Src/stm32wlxx_hal_rcc_ex.o
 *fill*         0x08003e8a        0x2 
 .text.HAL_RCCEx_PeriphCLKConfig
                0x08003e8c      0x234 ./Drivers/STM32WLxx_HAL_Driver/Src/stm32wlxx_hal_rcc_ex.o
                0x08003e8c                HAL_RCCEx_PeriphCLKConfig
 .text.HAL_SPI_Init
                0x080040c0      0x1a8 ./Drivers/STM32WLxx_HAL_Driver/Src/stm32wlxx_hal_spi.o
                0x080040c0                HAL_SPI_Init
 .text.HAL_SPI_Receive_IT
                0x08004268      0x1ac ./Drivers/STM32WLxx_HAL_Driver/Src/stm32wlxx_hal_spi.o
                0x08004268                HAL_SPI_Receive_IT
 .text.HAL_SPI_TransmitReceive_IT
                0x08004414      0x1ac ./Drivers/STM32WLxx_HAL_Driver/Src/stm32wlxx_hal_spi.o
                0x08004414                HAL_SPI_TransmitReceive_IT
 .text.HAL_SPI_IRQHandler
                0x080045c0      0x1e8 ./Drivers/STM32WLxx_HAL_Driver/Src/stm32wlxx_hal_spi.o
                0x080045c0                HAL_SPI_IRQHandler
 .text.HAL_SPI_TxRxCpltCallback
                0x080047a8       0x12 ./Drivers/STM32WLxx_HAL_Driver/Src/stm32wlxx_hal_spi.o
                0x080047a8                HAL_SPI_TxRxCpltCallback
 .text.SPI_DMAAbortOnError
                0x080047ba       0x2a ./Drivers/STM32WLxx_HAL_Driver/Src/stm32wlxx_hal_spi.o
 .text.SPI_2linesRxISR_8BIT
                0x080047e4       0xe4 ./Drivers/STM32WLxx_HAL_Driver/Src/stm32wlxx_hal_spi.o
 .text.SPI_2linesRxISR_8BITCRC
                0x080048c8       0x58 ./Drivers/STM32WLxx_HAL_Driver/Src/stm32wlxx_hal_spi.o
 .text.SPI_2linesTxISR_8BIT
                0x08004920       0xbc ./Drivers/STM32WLxx_HAL_Driver/Src/stm32wlxx_hal_spi.o
 .text.SPI_2linesRxISR_16BIT
                0x080049dc       0x7c ./Drivers/STM32WLxx_HAL_Driver/Src/stm32wlxx_hal_spi.o
 .text.SPI_2linesRxISR_16BITCRC
                0x08004a58       0x34 ./Drivers/STM32WLxx_HAL_Driver/Src/stm32wlxx_hal_spi.o
 .text.SPI_2linesTxISR_16BIT
                0x08004a8c       0x8a ./Drivers/STM32WLxx_HAL_Driver/Src/stm32wlxx_hal_spi.o
 .text.SPI_RxISR_8BITCRC
                0x08004b16       0x3e ./Drivers/STM32WLxx_HAL_Driver/Src/stm32wlxx_hal_spi.o
 .text.SPI_RxISR_8BIT
                0x08004b54       0x8c ./Drivers/STM32WLxx_HAL_Driver/Src/stm32wlxx_hal_spi.o
 .text.SPI_RxISR_16BITCRC
                0x08004be0       0x34 ./Drivers/STM32WLxx_HAL_Driver/Src/stm32wlxx_hal_spi.o
 .text.SPI_RxISR_16BIT
                0x08004c14       0x88 ./Drivers/STM32WLxx_HAL_Driver/Src/stm32wlxx_hal_spi.o
 .text.SPI_WaitFlagStateUntilTimeout
                0x08004c9c      0x110 ./Drivers/STM32WLxx_HAL_Driver/Src/stm32wlxx_hal_spi.o
 .text.SPI_WaitFifoStateUntilTimeout
                0x08004dac      0x12c ./Drivers/STM32WLxx_HAL_Driver/Src/stm32wlxx_hal_spi.o
 .text.SPI_EndRxTransaction
                0x08004ed8       0xb0 ./Drivers/STM32WLxx_HAL_Driver/Src/stm32wlxx_hal_spi.o
 .text.SPI_EndRxTxTransaction
                0x08004f88       0x8c ./Drivers/STM32WLxx_HAL_Driver/Src/stm32wlxx_hal_spi.o
 .text.SPI_CloseRxTx_ISR
                0x08005014       0xb8 ./Drivers/STM32WLxx_HAL_Driver/Src/stm32wlxx_hal_spi.o
 .text.SPI_CloseRx_ISR
                0x080050cc       0x8c ./Drivers/STM32WLxx_HAL_Driver/Src/stm32wlxx_hal_spi.o
 .text.LL_PWR_SetRadioBusyTrigger
                0x08005158       0x28 ./Drivers/STM32WLxx_HAL_Driver/Src/stm32wlxx_hal_subghz.o
 .text.LL_PWR_UnselectSUBGHZSPI_NSS
                0x08005180       0x20 ./Drivers/STM32WLxx_HAL_Driver/Src/stm32wlxx_hal_subghz.o
 .text.LL_PWR_SelectSUBGHZSPI_NSS
                0x080051a0       0x20 ./Drivers/STM32WLxx_HAL_Driver/Src/stm32wlxx_hal_subghz.o
 .text.LL_PWR_ClearFlag_RFBUSY
                0x080051c0       0x18 ./Drivers/STM32WLxx_HAL_Driver/Src/stm32wlxx_hal_subghz.o
 .text.LL_PWR_IsActiveFlag_RFBUSYS
                0x080051d8       0x24 ./Drivers/STM32WLxx_HAL_Driver/Src/stm32wlxx_hal_subghz.o
 .text.LL_PWR_IsActiveFlag_RFBUSYMS
                0x080051fc       0x24 ./Drivers/STM32WLxx_HAL_Driver/Src/stm32wlxx_hal_subghz.o
 .text.LL_RCC_RF_DisableReset
                0x08005220       0x20 ./Drivers/STM32WLxx_HAL_Driver/Src/stm32wlxx_hal_subghz.o
 .text.LL_RCC_IsRFUnderReset
                0x08005240       0x24 ./Drivers/STM32WLxx_HAL_Driver/Src/stm32wlxx_hal_subghz.o
 .text.LL_EXTI_EnableIT_32_63
                0x08005264       0x28 ./Drivers/STM32WLxx_HAL_Driver/Src/stm32wlxx_hal_subghz.o
 .text.HAL_SUBGHZ_Init
                0x0800528c       0xc8 ./Drivers/STM32WLxx_HAL_Driver/Src/stm32wlxx_hal_subghz.o
                0x0800528c                HAL_SUBGHZ_Init
 .text.HAL_SUBGHZ_WriteRegisters
                0x08005354       0xbe ./Drivers/STM32WLxx_HAL_Driver/Src/stm32wlxx_hal_subghz.o
                0x08005354                HAL_SUBGHZ_WriteRegisters
 .text.HAL_SUBGHZ_ReadRegisters
                0x08005412       0xc2 ./Drivers/STM32WLxx_HAL_Driver/Src/stm32wlxx_hal_subghz.o
                0x08005412                HAL_SUBGHZ_ReadRegisters
 .text.HAL_SUBGHZ_ExecSetCmd
                0x080054d4       0xbe ./Drivers/STM32WLxx_HAL_Driver/Src/stm32wlxx_hal_subghz.o
                0x080054d4                HAL_SUBGHZ_ExecSetCmd
 .text.HAL_SUBGHZ_ExecGetCmd
                0x08005592       0xa8 ./Drivers/STM32WLxx_HAL_Driver/Src/stm32wlxx_hal_subghz.o
                0x08005592                HAL_SUBGHZ_ExecGetCmd
 .text.HAL_SUBGHZ_WriteBuffer
                0x0800563a       0xa6 ./Drivers/STM32WLxx_HAL_Driver/Src/stm32wlxx_hal_subghz.o
                0x0800563a                HAL_SUBGHZ_WriteBuffer
 .text.HAL_SUBGHZ_IRQHandler
                0x080056e0      0x104 ./Drivers/STM32WLxx_HAL_Driver/Src/stm32wlxx_hal_subghz.o
                0x080056e0                HAL_SUBGHZ_IRQHandler
 .text.SUBGHZSPI_Init
                0x080057e4       0x40 ./Drivers/STM32WLxx_HAL_Driver/Src/stm32wlxx_hal_subghz.o
                0x080057e4                SUBGHZSPI_Init
 .text.SUBGHZSPI_Transmit
                0x08005824       0xac ./Drivers/STM32WLxx_HAL_Driver/Src/stm32wlxx_hal_subghz.o
                0x08005824                SUBGHZSPI_Transmit
 .text.SUBGHZSPI_Receive
                0x080058d0       0xb0 ./Drivers/STM32WLxx_HAL_Driver/Src/stm32wlxx_hal_subghz.o
                0x080058d0                SUBGHZSPI_Receive
 .text.SUBGHZ_CheckDeviceReady
                0x08005980       0x48 ./Drivers/STM32WLxx_HAL_Driver/Src/stm32wlxx_hal_subghz.o
                0x08005980                SUBGHZ_CheckDeviceReady
 .text.SUBGHZ_WaitOnBusy
                0x080059c8       0x5c ./Drivers/STM32WLxx_HAL_Driver/Src/stm32wlxx_hal_subghz.o
                0x080059c8                SUBGHZ_WaitOnBusy
 .text.LL_RCC_GetUSARTClockSource
                0x08005a24       0x24 ./Drivers/STM32WLxx_HAL_Driver/Src/stm32wlxx_hal_uart.o
 .text.LL_RCC_GetLPUARTClockSource
                0x08005a48       0x1e ./Drivers/STM32WLxx_HAL_Driver/Src/stm32wlxx_hal_uart.o
 .text.HAL_UART_Init
                0x08005a66       0xa0 ./Drivers/STM32WLxx_HAL_Driver/Src/stm32wlxx_hal_uart.o
                0x08005a66                HAL_UART_Init
 .text.HAL_UART_Transmit
                0x08005b06      0x10c ./Drivers/STM32WLxx_HAL_Driver/Src/stm32wlxx_hal_uart.o
                0x08005b06                HAL_UART_Transmit
 *fill*         0x08005c12        0x2 
 .text.UART_SetConfig
                0x08005c14      0x4e8 ./Drivers/STM32WLxx_HAL_Driver/Src/stm32wlxx_hal_uart.o
                0x08005c14                UART_SetConfig
 .text.UART_AdvFeatureConfig
                0x080060fc      0x142 ./Drivers/STM32WLxx_HAL_Driver/Src/stm32wlxx_hal_uart.o
                0x080060fc                UART_AdvFeatureConfig
 .text.UART_CheckIdleState
                0x0800623e       0x9c ./Drivers/STM32WLxx_HAL_Driver/Src/stm32wlxx_hal_uart.o
                0x0800623e                UART_CheckIdleState
 .text.UART_WaitOnFlagUntilTimeout
                0x080062da      0x19c ./Drivers/STM32WLxx_HAL_Driver/Src/stm32wlxx_hal_uart.o
                0x080062da                UART_WaitOnFlagUntilTimeout
 .text.HAL_UARTEx_DisableFifoMode
                0x08006476       0x70 ./Drivers/STM32WLxx_HAL_Driver/Src/stm32wlxx_hal_uart_ex.o
                0x08006476                HAL_UARTEx_DisableFifoMode
 .text.HAL_UARTEx_SetTxFifoThreshold
                0x080064e6       0x7c ./Drivers/STM32WLxx_HAL_Driver/Src/stm32wlxx_hal_uart_ex.o
                0x080064e6                HAL_UARTEx_SetTxFifoThreshold
 .text.HAL_UARTEx_SetRxFifoThreshold
                0x08006562       0x7c ./Drivers/STM32WLxx_HAL_Driver/Src/stm32wlxx_hal_uart_ex.o
                0x08006562                HAL_UARTEx_SetRxFifoThreshold
 *fill*         0x080065de        0x2 
 .text.UARTEx_SetNbDataToProcess
                0x080065e0       0x98 ./Drivers/STM32WLxx_HAL_Driver/Src/stm32wlxx_hal_uart_ex.o
 .text.sprintf  0x08006678       0x40 /opt/st/stm32cubeide_1.17.0/plugins/com.st.stm32cube.ide.mcu.externaltools.gnu-tools-for-stm32.12.3.rel1.linux64_1.1.0.202410170702/tools/bin/../lib/gcc/arm-none-eabi/12.3.1/../../../../arm-none-eabi/lib/thumb/v7e-m/nofp/libc_nano.a(libc_a-sprintf.o)
                0x08006678                sprintf
                0x08006678                siprintf
 .text.memset   0x080066b8       0x10 /opt/st/stm32cubeide_1.17.0/plugins/com.st.stm32cube.ide.mcu.externaltools.gnu-tools-for-stm32.12.3.rel1.linux64_1.1.0.202410170702/tools/bin/../lib/gcc/arm-none-eabi/12.3.1/../../../../arm-none-eabi/lib/thumb/v7e-m/nofp/libc_nano.a(libc_a-memset.o)
                0x080066b8                memset
 .text.__errno  0x080066c8        0xc /opt/st/stm32cubeide_1.17.0/plugins/com.st.stm32cube.ide.mcu.externaltools.gnu-tools-for-stm32.12.3.rel1.linux64_1.1.0.202410170702/tools/bin/../lib/gcc/arm-none-eabi/12.3.1/../../../../arm-none-eabi/lib/thumb/v7e-m/nofp/libc_nano.a(libc_a-errno.o)
                0x080066c8                __errno
 .text.__libc_init_array
                0x080066d4       0x48 /opt/st/stm32cubeide_1.17.0/plugins/com.st.stm32cube.ide.mcu.externaltools.gnu-tools-for-stm32.12.3.rel1.linux64_1.1.0.202410170702/tools/bin/../lib/gcc/arm-none-eabi/12.3.1/../../../../arm-none-eabi/lib/thumb/v7e-m/nofp/libc_nano.a(libc_a-init.o)
                0x080066d4                __libc_init_array
 .text.__retarget_lock_acquire_recursive
                0x0800671c        0x2 /opt/st/stm32cubeide_1.17.0/plugins/com.st.stm32cube.ide.mcu.externaltools.gnu-tools-for-stm32.12.3.rel1.linux64_1.1.0.202410170702/tools/bin/../lib/gcc/arm-none-eabi/12.3.1/../../../../arm-none-eabi/lib/thumb/v7e-m/nofp/libc_nano.a(libc_a-lock.o)
                0x0800671c                __retarget_lock_acquire_recursive
 .text.__retarget_lock_release_recursive
                0x0800671e        0x2 /opt/st/stm32cubeide_1.17.0/plugins/com.st.stm32cube.ide.mcu.externaltools.gnu-tools-for-stm32.12.3.rel1.linux64_1.1.0.202410170702/tools/bin/../lib/gcc/arm-none-eabi/12.3.1/../../../../arm-none-eabi/lib/thumb/v7e-m/nofp/libc_nano.a(libc_a-lock.o)
                0x0800671e                __retarget_lock_release_recursive
 .text.memcpy   0x08006720       0x1c /opt/st/stm32cubeide_1.17.0/plugins/com.st.stm32cube.ide.mcu.externaltools.gnu-tools-for-stm32.12.3.rel1.linux64_1.1.0.202410170702/tools/bin/../lib/gcc/arm-none-eabi/12.3.1/../../../../arm-none-eabi/lib/thumb/v7e-m/nofp/libc_nano.a(libc_a-memcpy-stub.o)
                0x08006720                memcpy
 .text._free_r  0x0800673c       0x94 /opt/st/stm32cubeide_1.17.0/plugins/com.st.stm32cube.ide.mcu.externaltools.gnu-tools-for-stm32.12.3.rel1.linux64_1.1.0.202410170702/tools/bin/../lib/gcc/arm-none-eabi/12.3.1/../../../../arm-none-eabi/lib/thumb/v7e-m/nofp/libc_nano.a(libc_a-freer.o)
                0x0800673c                _free_r
 .text.sbrk_aligned
                0x080067d0       0x44 /opt/st/stm32cubeide_1.17.0/plugins/com.st.stm32cube.ide.mcu.externaltools.gnu-tools-for-stm32.12.3.rel1.linux64_1.1.0.202410170702/tools/bin/../lib/gcc/arm-none-eabi/12.3.1/../../../../arm-none-eabi/lib/thumb/v7e-m/nofp/libc_nano.a(libc_a-mallocr.o)
 .text._malloc_r
                0x08006814      0x100 /opt/st/stm32cubeide_1.17.0/plugins/com.st.stm32cube.ide.mcu.externaltools.gnu-tools-for-stm32.12.3.rel1.linux64_1.1.0.202410170702/tools/bin/../lib/gcc/arm-none-eabi/12.3.1/../../../../arm-none-eabi/lib/thumb/v7e-m/nofp/libc_nano.a(libc_a-mallocr.o)
                0x08006814                _malloc_r
 .text.__malloc_lock
                0x08006914        0xc /opt/st/stm32cubeide_1.17.0/plugins/com.st.stm32cube.ide.mcu.externaltools.gnu-tools-for-stm32.12.3.rel1.linux64_1.1.0.202410170702/tools/bin/../lib/gcc/arm-none-eabi/12.3.1/../../../../arm-none-eabi/lib/thumb/v7e-m/nofp/libc_nano.a(libc_a-mlock.o)
                0x08006914                __malloc_lock
 .text.__malloc_unlock
                0x08006920        0xc /opt/st/stm32cubeide_1.17.0/plugins/com.st.stm32cube.ide.mcu.externaltools.gnu-tools-for-stm32.12.3.rel1.linux64_1.1.0.202410170702/tools/bin/../lib/gcc/arm-none-eabi/12.3.1/../../../../arm-none-eabi/lib/thumb/v7e-m/nofp/libc_nano.a(libc_a-mlock.o)
                0x08006920                __malloc_unlock
 .text.__ssputs_r
                0x0800692c       0xb6 /opt/st/stm32cubeide_1.17.0/plugins/com.st.stm32cube.ide.mcu.externaltools.gnu-tools-for-stm32.12.3.rel1.linux64_1.1.0.202410170702/tools/bin/../lib/gcc/arm-none-eabi/12.3.1/../../../../arm-none-eabi/lib/thumb/v7e-m/nofp/libc_nano.a(libc_a-nano-svfprintf.o)
                0x0800692c                __ssputs_r
 *fill*         0x080069e2        0x2 
 .text._svfprintf_r
                0x080069e4      0x1f8 /opt/st/stm32cubeide_1.17.0/plugins/com.st.stm32cube.ide.mcu.externaltools.gnu-tools-for-stm32.12.3.rel1.linux64_1.1.0.202410170702/tools/bin/../lib/gcc/arm-none-eabi/12.3.1/../../../../arm-none-eabi/lib/thumb/v7e-m/nofp/libc_nano.a(libc_a-nano-svfprintf.o)
                0x080069e4                _svfprintf_r
                0x080069e4                _svfiprintf_r
 .text._printf_common
                0x08006bdc       0xda /opt/st/stm32cubeide_1.17.0/plugins/com.st.stm32cube.ide.mcu.externaltools.gnu-tools-for-stm32.12.3.rel1.linux64_1.1.0.202410170702/tools/bin/../lib/gcc/arm-none-eabi/12.3.1/../../../../arm-none-eabi/lib/thumb/v7e-m/nofp/libc_nano.a(libc_a-nano-vfprintf_i.o)
                0x08006bdc                _printf_common
 *fill*         0x08006cb6        0x2 
 .text._printf_i
                0x08006cb8      0x240 /opt/st/stm32cubeide_1.17.0/plugins/com.st.stm32cube.ide.mcu.externaltools.gnu-tools-for-stm32.12.3.rel1.linux64_1.1.0.202410170702/tools/bin/../lib/gcc/arm-none-eabi/12.3.1/../../../../arm-none-eabi/lib/thumb/v7e-m/nofp/libc_nano.a(libc_a-nano-vfprintf_i.o)
                0x08006cb8                _printf_i
 .text.memmove  0x08006ef8       0x34 /opt/st/stm32cubeide_1.17.0/plugins/com.st.stm32cube.ide.mcu.externaltools.gnu-tools-for-stm32.12.3.rel1.linux64_1.1.0.202410170702/tools/bin/../lib/gcc/arm-none-eabi/12.3.1/../../../../arm-none-eabi/lib/thumb/v7e-m/nofp/libc_nano.a(libc_a-memmove.o)
                0x08006ef8                memmove
 .text._sbrk_r  0x08006f2c       0x20 /opt/st/stm32cubeide_1.17.0/plugins/com.st.stm32cube.ide.mcu.externaltools.gnu-tools-for-stm32.12.3.rel1.linux64_1.1.0.202410170702/tools/bin/../lib/gcc/arm-none-eabi/12.3.1/../../../../arm-none-eabi/lib/thumb/v7e-m/nofp/libc_nano.a(libc_a-sbrkr.o)
                0x08006f2c                _sbrk_r
 .text._realloc_r
                0x08006f4c       0x5c /opt/st/stm32cubeide_1.17.0/plugins/com.st.stm32cube.ide.mcu.externaltools.gnu-tools-for-stm32.12.3.rel1.linux64_1.1.0.202410170702/tools/bin/../lib/gcc/arm-none-eabi/12.3.1/../../../../arm-none-eabi/lib/thumb/v7e-m/nofp/libc_nano.a(libc_a-reallocr.o)
                0x08006f4c                _realloc_r
 .text._malloc_usable_size_r
                0x08006fa8       0x10 /opt/st/stm32cubeide_1.17.0/plugins/com.st.stm32cube.ide.mcu.externaltools.gnu-tools-for-stm32.12.3.rel1.linux64_1.1.0.202410170702/tools/bin/../lib/gcc/arm-none-eabi/12.3.1/../../../../arm-none-eabi/lib/thumb/v7e-m/nofp/libc_nano.a(libc_a-msizer.o)
                0x08006fa8                _malloc_usable_size_r
 *(.glue_7)
 .glue_7        0x08006fb8        0x0 linker stubs
 *(.glue_7t)
 .glue_7t       0x08006fb8        0x0 linker stubs
 *(.eh_frame)
 .eh_frame      0x08006fb8        0x0 /opt/st/stm32cubeide_1.17.0/plugins/com.st.stm32cube.ide.mcu.externaltools.gnu-tools-for-stm32.12.3.rel1.linux64_1.1.0.202410170702/tools/bin/../lib/gcc/arm-none-eabi/12.3.1/thumb/v7e-m/nofp/crtbegin.o
 *(.init)
 .init          0x08006fb8        0x4 /opt/st/stm32cubeide_1.17.0/plugins/com.st.stm32cube.ide.mcu.externaltools.gnu-tools-for-stm32.12.3.rel1.linux64_1.1.0.202410170702/tools/bin/../lib/gcc/arm-none-eabi/12.3.1/thumb/v7e-m/nofp/crti.o
                0x08006fb8                _init
 .init          0x08006fbc        0x8 /opt/st/stm32cubeide_1.17.0/plugins/com.st.stm32cube.ide.mcu.externaltools.gnu-tools-for-stm32.12.3.rel1.linux64_1.1.0.202410170702/tools/bin/../lib/gcc/arm-none-eabi/12.3.1/thumb/v7e-m/nofp/crtn.o
 *(.fini)
 .fini          0x08006fc4        0x4 /opt/st/stm32cubeide_1.17.0/plugins/com.st.stm32cube.ide.mcu.externaltools.gnu-tools-for-stm32.12.3.rel1.linux64_1.1.0.202410170702/tools/bin/../lib/gcc/arm-none-eabi/12.3.1/thumb/v7e-m/nofp/crti.o
                0x08006fc4                _fini
 .fini          0x08006fc8        0x8 /opt/st/stm32cubeide_1.17.0/plugins/com.st.stm32cube.ide.mcu.externaltools.gnu-tools-for-stm32.12.3.rel1.linux64_1.1.0.202410170702/tools/bin/../lib/gcc/arm-none-eabi/12.3.1/thumb/v7e-m/nofp/crtn.o
                0x08006fd0                        . = ALIGN (0x4)
                0x08006fd0                        _etext = .

.vfp11_veneer   0x08006fd0        0x0
 .vfp11_veneer  0x08006fd0        0x0 linker stubs

.v4_bx          0x08006fd0        0x0
 .v4_bx         0x08006fd0        0x0 linker stubs

.iplt           0x08006fd0        0x0
 .iplt          0x08006fd0        0x0 /opt/st/stm32cubeide_1.17.0/plugins/com.st.stm32cube.ide.mcu.externaltools.gnu-tools-for-stm32.12.3.rel1.linux64_1.1.0.202410170702/tools/bin/../lib/gcc/arm-none-eabi/12.3.1/thumb/v7e-m/nofp/crtbegin.o

.rodata         0x08006fd0      0x240
                0x08006fd0                        . = ALIGN (0x4)
 *(.rodata)
 .rodata        0x08006fd0      0x10c ./Core/Src/main.o
 .rodata        0x080070dc       0x11 ./Drivers/Radio/radio_driver.o
 *fill*         0x080070ed        0x3 
 .rodata        0x080070f0       0x1c ./Drivers/STM32WLxx_HAL_Driver/Src/stm32wlxx_hal_rcc.o
 *(.rodata*)
 .rodata.AHBPrescTable
                0x0800710c       0x40 ./Core/Src/system_stm32wlxx.o
                0x0800710c                AHBPrescTable
 .rodata.APBPrescTable
                0x0800714c       0x20 ./Core/Src/system_stm32wlxx.o
                0x0800714c                APBPrescTable
 .rodata.MSIRangeTable
                0x0800716c       0x40 ./Core/Src/system_stm32wlxx.o
                0x0800716c                MSIRangeTable
 .rodata.LED_PIN
                0x080071ac        0x6 ./Drivers/BSP/STM32WLxx_Nucleo/stm32wlxx_nucleo.o
 *fill*         0x080071b2        0x2 
 .rodata.UARTPrescTable
                0x080071b4       0x18 ./Drivers/STM32WLxx_HAL_Driver/Src/stm32wlxx_hal_uart.o
                0x080071b4                UARTPrescTable
 .rodata.numerator.1
                0x080071cc        0x8 ./Drivers/STM32WLxx_HAL_Driver/Src/stm32wlxx_hal_uart_ex.o
 .rodata.denominator.0
                0x080071d4        0x8 ./Drivers/STM32WLxx_HAL_Driver/Src/stm32wlxx_hal_uart_ex.o
 .rodata._svfprintf_r.str1.1
                0x080071dc       0x11 /opt/st/stm32cubeide_1.17.0/plugins/com.st.stm32cube.ide.mcu.externaltools.gnu-tools-for-stm32.12.3.rel1.linux64_1.1.0.202410170702/tools/bin/../lib/gcc/arm-none-eabi/12.3.1/../../../../arm-none-eabi/lib/thumb/v7e-m/nofp/libc_nano.a(libc_a-nano-svfprintf.o)
 .rodata._printf_i.str1.1
                0x080071ed       0x22 /opt/st/stm32cubeide_1.17.0/plugins/com.st.stm32cube.ide.mcu.externaltools.gnu-tools-for-stm32.12.3.rel1.linux64_1.1.0.202410170702/tools/bin/../lib/gcc/arm-none-eabi/12.3.1/../../../../arm-none-eabi/lib/thumb/v7e-m/nofp/libc_nano.a(libc_a-nano-vfprintf_i.o)
                0x08007210                        . = ALIGN (0x4)
 *fill*         0x0800720f        0x1 

.ARM.extab      0x08007210        0x0
                0x08007210                        . = ALIGN (0x4)
 *(.ARM.extab* .gnu.linkonce.armextab.*)
                0x08007210                        . = ALIGN (0x4)

.ARM            0x08007210        0x8
                0x08007210                        . = ALIGN (0x4)
                0x08007210                        __exidx_start = .
 *(.ARM.exidx*)
 .ARM.exidx     0x08007210        0x8 /opt/st/stm32cubeide_1.17.0/plugins/com.st.stm32cube.ide.mcu.externaltools.gnu-tools-for-stm32.12.3.rel1.linux64_1.1.0.202410170702/tools/bin/../lib/gcc/arm-none-eabi/12.3.1/../../../../arm-none-eabi/lib/thumb/v7e-m/nofp/libc_nano.a(libc_a-strlen.o)
 .ARM.exidx     0x08007218        0x0 /opt/st/stm32cubeide_1.17.0/plugins/com.st.stm32cube.ide.mcu.externaltools.gnu-tools-for-stm32.12.3.rel1.linux64_1.1.0.202410170702/tools/bin/../lib/gcc/arm-none-eabi/12.3.1/../../../../arm-none-eabi/lib/thumb/v7e-m/nofp/libc_nano.a(libc_a-memchr.o)
                                  0x8 (size before relaxing)
 .ARM.exidx     0x08007218        0x0 /opt/st/stm32cubeide_1.17.0/plugins/com.st.stm32cube.ide.mcu.externaltools.gnu-tools-for-stm32.12.3.rel1.linux64_1.1.0.202410170702/tools/bin/../lib/gcc/arm-none-eabi/12.3.1/thumb/v7e-m/nofp/libgcc.a(_udivmoddi4.o)
                                  0x8 (size before relaxing)
                0x08007218                        __exidx_end = .
                0x08007218                        . = ALIGN (0x4)

.preinit_array  0x08007218        0x0
                0x08007218                        . = ALIGN (0x4)
                0x08007218                        PROVIDE (__preinit_array_start = .)
 *(.preinit_array*)
                0x08007218                        PROVIDE (__preinit_array_end = .)
                0x08007218                        . = ALIGN (0x4)

.init_array     0x08007218        0x4
                0x08007218                        . = ALIGN (0x4)
                0x08007218                        PROVIDE (__init_array_start = .)
 *(SORT_BY_NAME(.init_array.*))
 *(.init_array*)
 .init_array    0x08007218        0x4 /opt/st/stm32cubeide_1.17.0/plugins/com.st.stm32cube.ide.mcu.externaltools.gnu-tools-for-stm32.12.3.rel1.linux64_1.1.0.202410170702/tools/bin/../lib/gcc/arm-none-eabi/12.3.1/thumb/v7e-m/nofp/crtbegin.o
                0x0800721c                        PROVIDE (__init_array_end = .)
                0x0800721c                        . = ALIGN (0x4)

.fini_array     0x0800721c        0x4
                0x0800721c                        . = ALIGN (0x4)
                [!provide]                        PROVIDE (__fini_array_start = .)
 *(SORT_BY_NAME(.fini_array.*))
 *(.fini_array*)
 .fini_array    0x0800721c        0x4 /opt/st/stm32cubeide_1.17.0/plugins/com.st.stm32cube.ide.mcu.externaltools.gnu-tools-for-stm32.12.3.rel1.linux64_1.1.0.202410170702/tools/bin/../lib/gcc/arm-none-eabi/12.3.1/thumb/v7e-m/nofp/crtbegin.o
                [!provide]                        PROVIDE (__fini_array_end = .)
                0x08007220                        . = ALIGN (0x4)
                0x08007220                        _sidata = LOADADDR (.data)

.rel.dyn        0x08007220        0x0
 .rel.iplt      0x08007220        0x0 /opt/st/stm32cubeide_1.17.0/plugins/com.st.stm32cube.ide.mcu.externaltools.gnu-tools-for-stm32.12.3.rel1.linux64_1.1.0.202410170702/tools/bin/../lib/gcc/arm-none-eabi/12.3.1/thumb/v7e-m/nofp/crtbegin.o

.data           0x20000000       0x70 load address 0x08007220
                0x20000000                        . = ALIGN (0x4)
                0x20000000                        _sdata = .
 *(.data)
 *(.data*)
 .data.txBuf    0x20000000        0x8 ./Core/Src/main.o
                0x20000000                txBuf
 .data.SystemCoreClock
                0x20000008        0x4 ./Core/Src/system_stm32wlxx.o
                0x20000008                SystemCoreClock
 .data.LED_PORT
                0x2000000c        0xc ./Drivers/BSP/STM32WLxx_Nucleo/stm32wlxx_nucleo.o
 .data.uwTickPrio
                0x20000018        0x4 ./Drivers/STM32WLxx_HAL_Driver/Src/stm32wlxx_hal.o
                0x20000018                uwTickPrio
 .data.uwTickFreq
                0x2000001c        0x1 ./Drivers/STM32WLxx_HAL_Driver/Src/stm32wlxx_hal.o
                0x2000001c                uwTickFreq
 *fill*         0x2000001d        0x3 
 .data._impure_ptr
                0x20000020        0x4 /opt/st/stm32cubeide_1.17.0/plugins/com.st.stm32cube.ide.mcu.externaltools.gnu-tools-for-stm32.12.3.rel1.linux64_1.1.0.202410170702/tools/bin/../lib/gcc/arm-none-eabi/12.3.1/../../../../arm-none-eabi/lib/thumb/v7e-m/nofp/libc_nano.a(libc_a-impure.o)
                0x20000020                _impure_ptr
 .data._impure_data
                0x20000024       0x4c /opt/st/stm32cubeide_1.17.0/plugins/com.st.stm32cube.ide.mcu.externaltools.gnu-tools-for-stm32.12.3.rel1.linux64_1.1.0.202410170702/tools/bin/../lib/gcc/arm-none-eabi/12.3.1/../../../../arm-none-eabi/lib/thumb/v7e-m/nofp/libc_nano.a(libc_a-impure.o)
                0x20000024                _impure_data
 *(.RamFunc)
 *(.RamFunc*)
                0x20000070                        . = ALIGN (0x4)
                0x20000070                        _edata = .

.igot.plt       0x20000070        0x0 load address 0x08007290
 .igot.plt      0x20000070        0x0 /opt/st/stm32cubeide_1.17.0/plugins/com.st.stm32cube.ide.mcu.externaltools.gnu-tools-for-stm32.12.3.rel1.linux64_1.1.0.202410170702/tools/bin/../lib/gcc/arm-none-eabi/12.3.1/thumb/v7e-m/nofp/crtbegin.o
                0x20000070                        . = ALIGN (0x4)

.bss            0x20000070      0x2dc load address 0x08007290
                0x20000070                        _sbss = .
                0x20000070                        __bss_start__ = _sbss
 *(.bss)
 .bss           0x20000070       0x1c /opt/st/stm32cubeide_1.17.0/plugins/com.st.stm32cube.ide.mcu.externaltools.gnu-tools-for-stm32.12.3.rel1.linux64_1.1.0.202410170702/tools/bin/../lib/gcc/arm-none-eabi/12.3.1/thumb/v7e-m/nofp/crtbegin.o
 *(.bss*)
 .bss.hi2c1     0x2000008c       0x54 ./Core/Src/i2c.o
                0x2000008c                hi2c1
 .bss.txDone    0x200000e0        0x1 ./Core/Src/main.o
                0x200000e0                txDone
 .bss.txTimeout
                0x200000e1        0x1 ./Core/Src/main.o
                0x200000e1                txTimeout
 *fill*         0x200000e2        0x2 
 .bss.rxData    0x200000e4        0x8 ./Core/Src/main.o
                0x200000e4                rxData
 .bss.status    0x200000ec        0x4 ./Core/Src/main.o
                0x200000ec                status
 .bss.hspi1     0x200000f0       0x64 ./Core/Src/spi.o
                0x200000f0                hspi1
 .bss.hsubghz   0x20000154        0xc ./Core/Src/subghz.o
                0x20000154                hsubghz
 .bss.__sbrk_heap_end
                0x20000160        0x4 ./Core/Src/sysmem.o
 .bss.huart2    0x20000164       0x94 ./Core/Src/usart.o
                0x20000164                huart2
 .bss.OperatingMode
                0x200001f8        0x1 ./Drivers/Radio/radio_driver.o
 .bss.PacketType
                0x200001f9        0x1 ./Drivers/Radio/radio_driver.o
 .bss.LoRaHeaderType
                0x200001fa        0x1 ./Drivers/Radio/radio_driver.o
 .bss.ImageCalibrated
                0x200001fb        0x1 ./Drivers/Radio/radio_driver.o
 .bss.RadioOnDioIrqCb
                0x200001fc        0x4 ./Drivers/Radio/radio_driver.o
 .bss.uwTick    0x20000200        0x4 ./Drivers/STM32WLxx_HAL_Driver/Src/stm32wlxx_hal.o
                0x20000200                uwTick
 .bss.__sf      0x20000204      0x138 /opt/st/stm32cubeide_1.17.0/plugins/com.st.stm32cube.ide.mcu.externaltools.gnu-tools-for-stm32.12.3.rel1.linux64_1.1.0.202410170702/tools/bin/../lib/gcc/arm-none-eabi/12.3.1/../../../../arm-none-eabi/lib/thumb/v7e-m/nofp/libc_nano.a(libc_a-findfp.o)
                0x20000204                __sf
 .bss.errno     0x2000033c        0x4 /opt/st/stm32cubeide_1.17.0/plugins/com.st.stm32cube.ide.mcu.externaltools.gnu-tools-for-stm32.12.3.rel1.linux64_1.1.0.202410170702/tools/bin/../lib/gcc/arm-none-eabi/12.3.1/../../../../arm-none-eabi/lib/thumb/v7e-m/nofp/libc_nano.a(libc_a-reent.o)
                0x2000033c                errno
 .bss.__lock___malloc_recursive_mutex
                0x20000340        0x1 /opt/st/stm32cubeide_1.17.0/plugins/com.st.stm32cube.ide.mcu.externaltools.gnu-tools-for-stm32.12.3.rel1.linux64_1.1.0.202410170702/tools/bin/../lib/gcc/arm-none-eabi/12.3.1/../../../../arm-none-eabi/lib/thumb/v7e-m/nofp/libc_nano.a(libc_a-lock.o)
                0x20000340                __lock___malloc_recursive_mutex
 *fill*         0x20000341        0x3 
 .bss.__malloc_sbrk_start
                0x20000344        0x4 /opt/st/stm32cubeide_1.17.0/plugins/com.st.stm32cube.ide.mcu.externaltools.gnu-tools-for-stm32.12.3.rel1.linux64_1.1.0.202410170702/tools/bin/../lib/gcc/arm-none-eabi/12.3.1/../../../../arm-none-eabi/lib/thumb/v7e-m/nofp/libc_nano.a(libc_a-mallocr.o)
                0x20000344                __malloc_sbrk_start
 .bss.__malloc_free_list
                0x20000348        0x4 /opt/st/stm32cubeide_1.17.0/plugins/com.st.stm32cube.ide.mcu.externaltools.gnu-tools-for-stm32.12.3.rel1.linux64_1.1.0.202410170702/tools/bin/../lib/gcc/arm-none-eabi/12.3.1/../../../../arm-none-eabi/lib/thumb/v7e-m/nofp/libc_nano.a(libc_a-mallocr.o)
                0x20000348                __malloc_free_list
 *(COMMON)
                0x2000034c                        . = ALIGN (0x4)
                0x2000034c                        _ebss = .
                0x2000034c                        __bss_end__ = _ebss

._user_heap_stack
                0x2000034c      0x604 load address 0x08007290
                0x20000350                        . = ALIGN (0x8)
 *fill*         0x2000034c        0x4 
                [!provide]                        PROVIDE (end = .)
                0x20000350                        PROVIDE (_end = .)
                0x20000550                        . = (. + _Min_Heap_Size)
 *fill*         0x20000350      0x200 
                0x20000950                        . = (. + _Min_Stack_Size)
 *fill*         0x20000550      0x400 
                0x20000950                        . = ALIGN (0x8)

/DISCARD/
 libc.a(*)
 libm.a(*)
 libgcc.a(*)

.ARM.attributes
                0x00000000       0x2a
 *(.ARM.attributes)
 .ARM.attributes
                0x00000000       0x1e /opt/st/stm32cubeide_1.17.0/plugins/com.st.stm32cube.ide.mcu.externaltools.gnu-tools-for-stm32.12.3.rel1.linux64_1.1.0.202410170702/tools/bin/../lib/gcc/arm-none-eabi/12.3.1/thumb/v7e-m/nofp/crti.o
 .ARM.attributes
                0x0000001e       0x2e /opt/st/stm32cubeide_1.17.0/plugins/com.st.stm32cube.ide.mcu.externaltools.gnu-tools-for-stm32.12.3.rel1.linux64_1.1.0.202410170702/tools/bin/../lib/gcc/arm-none-eabi/12.3.1/thumb/v7e-m/nofp/crtbegin.o
 .ARM.attributes
                0x0000004c       0x2e ./Core/Src/gpio.o
 .ARM.attributes
                0x0000007a       0x2e ./Core/Src/i2c.o
 .ARM.attributes
                0x000000a8       0x2e ./Core/Src/main.o
 .ARM.attributes
                0x000000d6       0x2e ./Core/Src/spi.o
 .ARM.attributes
                0x00000104       0x2e ./Core/Src/stm32wlxx_hal_msp.o
 .ARM.attributes
                0x00000132       0x2e ./Core/Src/stm32wlxx_it.o
 .ARM.attributes
                0x00000160       0x2e ./Core/Src/subghz.o
 .ARM.attributes
                0x0000018e       0x2e ./Core/Src/sysmem.o
 .ARM.attributes
                0x000001bc       0x2e ./Core/Src/system_stm32wlxx.o
 .ARM.attributes
                0x000001ea       0x2e ./Core/Src/usart.o
 .ARM.attributes
                0x00000218       0x21 ./Core/Startup/startup_stm32wl55jcix.o
 .ARM.attributes
                0x00000239       0x2e ./Drivers/BSP/STM32WLxx_Nucleo/stm32wlxx_nucleo.o
 .ARM.attributes
                0x00000267       0x2e ./Drivers/BSP/STM32WLxx_Nucleo/stm32wlxx_nucleo_radio.o
 .ARM.attributes
                0x00000295       0x2e ./Drivers/Radio/radio_board_if.o
 .ARM.attributes
                0x000002c3       0x2e ./Drivers/Radio/radio_driver.o
 .ARM.attributes
                0x000002f1       0x2e ./Drivers/STM32WLxx_HAL_Driver/Src/stm32wlxx_hal.o
 .ARM.attributes
                0x0000031f       0x2e ./Drivers/STM32WLxx_HAL_Driver/Src/stm32wlxx_hal_cortex.o
 .ARM.attributes
                0x0000034d       0x2e ./Drivers/STM32WLxx_HAL_Driver/Src/stm32wlxx_hal_dma.o
 .ARM.attributes
                0x0000037b       0x2e ./Drivers/STM32WLxx_HAL_Driver/Src/stm32wlxx_hal_gpio.o
 .ARM.attributes
                0x000003a9       0x2e ./Drivers/STM32WLxx_HAL_Driver/Src/stm32wlxx_hal_i2c.o
 .ARM.attributes
                0x000003d7       0x2e ./Drivers/STM32WLxx_HAL_Driver/Src/stm32wlxx_hal_i2c_ex.o
 .ARM.attributes
                0x00000405       0x2e ./Drivers/STM32WLxx_HAL_Driver/Src/stm32wlxx_hal_pwr.o
 .ARM.attributes
                0x00000433       0x2e ./Drivers/STM32WLxx_HAL_Driver/Src/stm32wlxx_hal_pwr_ex.o
 .ARM.attributes
                0x00000461       0x2e ./Drivers/STM32WLxx_HAL_Driver/Src/stm32wlxx_hal_rcc.o
 .ARM.attributes
                0x0000048f       0x2e ./Drivers/STM32WLxx_HAL_Driver/Src/stm32wlxx_hal_rcc_ex.o
 .ARM.attributes
                0x000004bd       0x2e ./Drivers/STM32WLxx_HAL_Driver/Src/stm32wlxx_hal_spi.o
 .ARM.attributes
                0x000004eb       0x2e ./Drivers/STM32WLxx_HAL_Driver/Src/stm32wlxx_hal_subghz.o
 .ARM.attributes
                0x00000519       0x2e ./Drivers/STM32WLxx_HAL_Driver/Src/stm32wlxx_hal_uart.o
 .ARM.attributes
                0x00000547       0x2e ./Drivers/STM32WLxx_HAL_Driver/Src/stm32wlxx_hal_uart_ex.o
 .ARM.attributes
                0x00000575       0x2e /opt/st/stm32cubeide_1.17.0/plugins/com.st.stm32cube.ide.mcu.externaltools.gnu-tools-for-stm32.12.3.rel1.linux64_1.1.0.202410170702/tools/bin/../lib/gcc/arm-none-eabi/12.3.1/../../../../arm-none-eabi/lib/thumb/v7e-m/nofp/libc_nano.a(libc_a-findfp.o)
 .ARM.attributes
                0x000005a3       0x2e /opt/st/stm32cubeide_1.17.0/plugins/com.st.stm32cube.ide.mcu.externaltools.gnu-tools-for-stm32.12.3.rel1.linux64_1.1.0.202410170702/tools/bin/../lib/gcc/arm-none-eabi/12.3.1/../../../../arm-none-eabi/lib/thumb/v7e-m/nofp/libc_nano.a(libc_a-sprintf.o)
 .ARM.attributes
                0x000005d1       0x2e /opt/st/stm32cubeide_1.17.0/plugins/com.st.stm32cube.ide.mcu.externaltools.gnu-tools-for-stm32.12.3.rel1.linux64_1.1.0.202410170702/tools/bin/../lib/gcc/arm-none-eabi/12.3.1/../../../../arm-none-eabi/lib/thumb/v7e-m/nofp/libc_nano.a(libc_a-memset.o)
 .ARM.attributes
                0x000005ff       0x2e /opt/st/stm32cubeide_1.17.0/plugins/com.st.stm32cube.ide.mcu.externaltools.gnu-tools-for-stm32.12.3.rel1.linux64_1.1.0.202410170702/tools/bin/../lib/gcc/arm-none-eabi/12.3.1/../../../../arm-none-eabi/lib/thumb/v7e-m/nofp/libc_nano.a(libc_a-reent.o)
 .ARM.attributes
                0x0000062d       0x2e /opt/st/stm32cubeide_1.17.0/plugins/com.st.stm32cube.ide.mcu.externaltools.gnu-tools-for-stm32.12.3.rel1.linux64_1.1.0.202410170702/tools/bin/../lib/gcc/arm-none-eabi/12.3.1/../../../../arm-none-eabi/lib/thumb/v7e-m/nofp/libc_nano.a(libc_a-impure.o)
 .ARM.attributes
                0x0000065b       0x2e /opt/st/stm32cubeide_1.17.0/plugins/com.st.stm32cube.ide.mcu.externaltools.gnu-tools-for-stm32.12.3.rel1.linux64_1.1.0.202410170702/tools/bin/../lib/gcc/arm-none-eabi/12.3.1/../../../../arm-none-eabi/lib/thumb/v7e-m/nofp/libc_nano.a(libc_a-errno.o)
 .ARM.attributes
                0x00000689       0x2e /opt/st/stm32cubeide_1.17.0/plugins/com.st.stm32cube.ide.mcu.externaltools.gnu-tools-for-stm32.12.3.rel1.linux64_1.1.0.202410170702/tools/bin/../lib/gcc/arm-none-eabi/12.3.1/../../../../arm-none-eabi/lib/thumb/v7e-m/nofp/libc_nano.a(libc_a-init.o)
 .ARM.attributes
                0x000006b7       0x2e /opt/st/stm32cubeide_1.17.0/plugins/com.st.stm32cube.ide.mcu.externaltools.gnu-tools-for-stm32.12.3.rel1.linux64_1.1.0.202410170702/tools/bin/../lib/gcc/arm-none-eabi/12.3.1/../../../../arm-none-eabi/lib/thumb/v7e-m/nofp/libc_nano.a(libc_a-lock.o)
 .ARM.attributes
                0x000006e5       0x2e /opt/st/stm32cubeide_1.17.0/plugins/com.st.stm32cube.ide.mcu.externaltools.gnu-tools-for-stm32.12.3.rel1.linux64_1.1.0.202410170702/tools/bin/../lib/gcc/arm-none-eabi/12.3.1/../../../../arm-none-eabi/lib/thumb/v7e-m/nofp/libc_nano.a(libc_a-memcpy-stub.o)
 .ARM.attributes
                0x00000713       0x17 /opt/st/stm32cubeide_1.17.0/plugins/com.st.stm32cube.ide.mcu.externaltools.gnu-tools-for-stm32.12.3.rel1.linux64_1.1.0.202410170702/tools/bin/../lib/gcc/arm-none-eabi/12.3.1/../../../../arm-none-eabi/lib/thumb/v7e-m/nofp/libc_nano.a(libc_a-strlen.o)
 .ARM.attributes
                0x0000072a       0x2e /opt/st/stm32cubeide_1.17.0/plugins/com.st.stm32cube.ide.mcu.externaltools.gnu-tools-for-stm32.12.3.rel1.linux64_1.1.0.202410170702/tools/bin/../lib/gcc/arm-none-eabi/12.3.1/../../../../arm-none-eabi/lib/thumb/v7e-m/nofp/libc_nano.a(libc_a-freer.o)
 .ARM.attributes
                0x00000758       0x2e /opt/st/stm32cubeide_1.17.0/plugins/com.st.stm32cube.ide.mcu.externaltools.gnu-tools-for-stm32.12.3.rel1.linux64_1.1.0.202410170702/tools/bin/../lib/gcc/arm-none-eabi/12.3.1/../../../../arm-none-eabi/lib/thumb/v7e-m/nofp/libc_nano.a(libc_a-mallocr.o)
 .ARM.attributes
                0x00000786       0x2e /opt/st/stm32cubeide_1.17.0/plugins/com.st.stm32cube.ide.mcu.externaltools.gnu-tools-for-stm32.12.3.rel1.linux64_1.1.0.202410170702/tools/bin/../lib/gcc/arm-none-eabi/12.3.1/../../../../arm-none-eabi/lib/thumb/v7e-m/nofp/libc_nano.a(libc_a-mlock.o)
 .ARM.attributes
                0x000007b4       0x2e /opt/st/stm32cubeide_1.17.0/plugins/com.st.stm32cube.ide.mcu.externaltools.gnu-tools-for-stm32.12.3.rel1.linux64_1.1.0.202410170702/tools/bin/../lib/gcc/arm-none-eabi/12.3.1/../../../../arm-none-eabi/lib/thumb/v7e-m/nofp/libc_nano.a(libc_a-nano-svfprintf.o)
 .ARM.attributes
                0x000007e2       0x2e /opt/st/stm32cubeide_1.17.0/plugins/com.st.stm32cube.ide.mcu.externaltools.gnu-tools-for-stm32.12.3.rel1.linux64_1.1.0.202410170702/tools/bin/../lib/gcc/arm-none-eabi/12.3.1/../../../../arm-none-eabi/lib/thumb/v7e-m/nofp/libc_nano.a(libc_a-nano-vfprintf_i.o)
 .ARM.attributes
                0x00000810       0x2e /opt/st/stm32cubeide_1.17.0/plugins/com.st.stm32cube.ide.mcu.externaltools.gnu-tools-for-stm32.12.3.rel1.linux64_1.1.0.202410170702/tools/bin/../lib/gcc/arm-none-eabi/12.3.1/../../../../arm-none-eabi/lib/thumb/v7e-m/nofp/libc_nano.a(libc_a-memmove.o)
 .ARM.attributes
                0x0000083e       0x2e /opt/st/stm32cubeide_1.17.0/plugins/com.st.stm32cube.ide.mcu.externaltools.gnu-tools-for-stm32.12.3.rel1.linux64_1.1.0.202410170702/tools/bin/../lib/gcc/arm-none-eabi/12.3.1/../../../../arm-none-eabi/lib/thumb/v7e-m/nofp/libc_nano.a(libc_a-sbrkr.o)
 .ARM.attributes
                0x0000086c       0x1c /opt/st/stm32cubeide_1.17.0/plugins/com.st.stm32cube.ide.mcu.externaltools.gnu-tools-for-stm32.12.3.rel1.linux64_1.1.0.202410170702/tools/bin/../lib/gcc/arm-none-eabi/12.3.1/../../../../arm-none-eabi/lib/thumb/v7e-m/nofp/libc_nano.a(libc_a-memchr.o)
 .ARM.attributes
                0x00000888       0x2e /opt/st/stm32cubeide_1.17.0/plugins/com.st.stm32cube.ide.mcu.externaltools.gnu-tools-for-stm32.12.3.rel1.linux64_1.1.0.202410170702/tools/bin/../lib/gcc/arm-none-eabi/12.3.1/../../../../arm-none-eabi/lib/thumb/v7e-m/nofp/libc_nano.a(libc_a-reallocr.o)
 .ARM.attributes
                0x000008b6       0x2e /opt/st/stm32cubeide_1.17.0/plugins/com.st.stm32cube.ide.mcu.externaltools.gnu-tools-for-stm32.12.3.rel1.linux64_1.1.0.202410170702/tools/bin/../lib/gcc/arm-none-eabi/12.3.1/../../../../arm-none-eabi/lib/thumb/v7e-m/nofp/libc_nano.a(libc_a-msizer.o)
 .ARM.attributes
                0x000008e4       0x1e /opt/st/stm32cubeide_1.17.0/plugins/com.st.stm32cube.ide.mcu.externaltools.gnu-tools-for-stm32.12.3.rel1.linux64_1.1.0.202410170702/tools/bin/../lib/gcc/arm-none-eabi/12.3.1/thumb/v7e-m/nofp/libgcc.a(_aeabi_uldivmod.o)
 .ARM.attributes
                0x00000902       0x2e /opt/st/stm32cubeide_1.17.0/plugins/com.st.stm32cube.ide.mcu.externaltools.gnu-tools-for-stm32.12.3.rel1.linux64_1.1.0.202410170702/tools/bin/../lib/gcc/arm-none-eabi/12.3.1/thumb/v7e-m/nofp/libgcc.a(_udivmoddi4.o)
 .ARM.attributes
                0x00000930       0x1e /opt/st/stm32cubeide_1.17.0/plugins/com.st.stm32cube.ide.mcu.externaltools.gnu-tools-for-stm32.12.3.rel1.linux64_1.1.0.202410170702/tools/bin/../lib/gcc/arm-none-eabi/12.3.1/thumb/v7e-m/nofp/libgcc.a(_dvmd_tls.o)
 .ARM.attributes
                0x0000094e       0x1e /opt/st/stm32cubeide_1.17.0/plugins/com.st.stm32cube.ide.mcu.externaltools.gnu-tools-for-stm32.12.3.rel1.linux64_1.1.0.202410170702/tools/bin/../lib/gcc/arm-none-eabi/12.3.1/thumb/v7e-m/nofp/crtn.o
OUTPUT(telemetria-master.elf elf32-littlearm)
LOAD linker stubs
LOAD /opt/st/stm32cubeide_1.17.0/plugins/com.st.stm32cube.ide.mcu.externaltools.gnu-tools-for-stm32.12.3.rel1.linux64_1.1.0.202410170702/tools/bin/../lib/gcc/arm-none-eabi/12.3.1/../../../../arm-none-eabi/lib/thumb/v7e-m/nofp/libc.a
LOAD /opt/st/stm32cubeide_1.17.0/plugins/com.st.stm32cube.ide.mcu.externaltools.gnu-tools-for-stm32.12.3.rel1.linux64_1.1.0.202410170702/tools/bin/../lib/gcc/arm-none-eabi/12.3.1/../../../../arm-none-eabi/lib/thumb/v7e-m/nofp/libm.a
LOAD /opt/st/stm32cubeide_1.17.0/plugins/com.st.stm32cube.ide.mcu.externaltools.gnu-tools-for-stm32.12.3.rel1.linux64_1.1.0.202410170702/tools/bin/../lib/gcc/arm-none-eabi/12.3.1/thumb/v7e-m/nofp/libgcc.a

.debug_info     0x00000000    0x1bee6
 .debug_info    0x00000000      0x5d5 ./Core/Src/gpio.o
 .debug_info    0x000005d5      0xdf6 ./Core/Src/i2c.o
 .debug_info    0x000013cb     0x21ec ./Core/Src/main.o
 .debug_info    0x000035b7      0xe93 ./Core/Src/spi.o
 .debug_info    0x0000444a       0xce ./Core/Src/stm32wlxx_hal_msp.o
 .debug_info    0x00004518      0x868 ./Core/Src/stm32wlxx_it.o
 .debug_info    0x00004d80      0x7f8 ./Core/Src/subghz.o
 .debug_info    0x00005578      0x168 ./Core/Src/sysmem.o
 .debug_info    0x000056e0      0x515 ./Core/Src/system_stm32wlxx.o
 .debug_info    0x00005bf5      0xeda ./Core/Src/usart.o
 .debug_info    0x00006acf       0x30 ./Core/Startup/startup_stm32wl55jcix.o
 .debug_info    0x00006aff      0xd0d ./Drivers/BSP/STM32WLxx_Nucleo/stm32wlxx_nucleo.o
 .debug_info    0x0000780c      0x707 ./Drivers/BSP/STM32WLxx_Nucleo/stm32wlxx_nucleo_radio.o
 .debug_info    0x00007f13      0x288 ./Drivers/Radio/radio_board_if.o
 .debug_info    0x0000819b     0x220a ./Drivers/Radio/radio_driver.o
 .debug_info    0x0000a3a5     0x1165 ./Drivers/STM32WLxx_HAL_Driver/Src/stm32wlxx_hal.o
 .debug_info    0x0000b50a      0xd39 ./Drivers/STM32WLxx_HAL_Driver/Src/stm32wlxx_hal_cortex.o
 .debug_info    0x0000c243      0x91a ./Drivers/STM32WLxx_HAL_Driver/Src/stm32wlxx_hal_dma.o
 .debug_info    0x0000cb5d      0x708 ./Drivers/STM32WLxx_HAL_Driver/Src/stm32wlxx_hal_gpio.o
 .debug_info    0x0000d265     0x2219 ./Drivers/STM32WLxx_HAL_Driver/Src/stm32wlxx_hal_i2c.o
 .debug_info    0x0000f47e      0x947 ./Drivers/STM32WLxx_HAL_Driver/Src/stm32wlxx_hal_i2c_ex.o
 .debug_info    0x0000fdc5      0x8e8 ./Drivers/STM32WLxx_HAL_Driver/Src/stm32wlxx_hal_pwr.o
 .debug_info    0x000106ad      0xde7 ./Drivers/STM32WLxx_HAL_Driver/Src/stm32wlxx_hal_pwr_ex.o
 .debug_info    0x00011494     0x13ef ./Drivers/STM32WLxx_HAL_Driver/Src/stm32wlxx_hal_rcc.o
 .debug_info    0x00012883      0xf21 ./Drivers/STM32WLxx_HAL_Driver/Src/stm32wlxx_hal_rcc_ex.o
 .debug_info    0x000137a4     0x1938 ./Drivers/STM32WLxx_HAL_Driver/Src/stm32wlxx_hal_spi.o
 .debug_info    0x000150dc     0x138d ./Drivers/STM32WLxx_HAL_Driver/Src/stm32wlxx_hal_subghz.o
 .debug_info    0x00016469     0x4a83 ./Drivers/STM32WLxx_HAL_Driver/Src/stm32wlxx_hal_uart.o
 .debug_info    0x0001aeec      0xffa ./Drivers/STM32WLxx_HAL_Driver/Src/stm32wlxx_hal_uart_ex.o

.debug_abbrev   0x00000000     0x4131
 .debug_abbrev  0x00000000      0x19d ./Core/Src/gpio.o
 .debug_abbrev  0x0000019d      0x27c ./Core/Src/i2c.o
 .debug_abbrev  0x00000419      0x34c ./Core/Src/main.o
 .debug_abbrev  0x00000765      0x25f ./Core/Src/spi.o
 .debug_abbrev  0x000009c4       0x7e ./Core/Src/stm32wlxx_hal_msp.o
 .debug_abbrev  0x00000a42      0x1a8 ./Core/Src/stm32wlxx_it.o
 .debug_abbrev  0x00000bea      0x219 ./Core/Src/subghz.o
 .debug_abbrev  0x00000e03       0xbc ./Core/Src/sysmem.o
 .debug_abbrev  0x00000ebf      0x13e ./Core/Src/system_stm32wlxx.o
 .debug_abbrev  0x00000ffd      0x270 ./Core/Src/usart.o
 .debug_abbrev  0x0000126d       0x24 ./Core/Startup/startup_stm32wl55jcix.o
 .debug_abbrev  0x00001291      0x28c ./Drivers/BSP/STM32WLxx_Nucleo/stm32wlxx_nucleo.o
 .debug_abbrev  0x0000151d      0x21c ./Drivers/BSP/STM32WLxx_Nucleo/stm32wlxx_nucleo_radio.o
 .debug_abbrev  0x00001739      0x109 ./Drivers/Radio/radio_board_if.o
 .debug_abbrev  0x00001842      0x412 ./Drivers/Radio/radio_driver.o
 .debug_abbrev  0x00001c54      0x344 ./Drivers/STM32WLxx_HAL_Driver/Src/stm32wlxx_hal.o
 .debug_abbrev  0x00001f98      0x2e8 ./Drivers/STM32WLxx_HAL_Driver/Src/stm32wlxx_hal_cortex.o
 .debug_abbrev  0x00002280      0x22a ./Drivers/STM32WLxx_HAL_Driver/Src/stm32wlxx_hal_dma.o
 .debug_abbrev  0x000024aa      0x1e9 ./Drivers/STM32WLxx_HAL_Driver/Src/stm32wlxx_hal_gpio.o
 .debug_abbrev  0x00002693      0x281 ./Drivers/STM32WLxx_HAL_Driver/Src/stm32wlxx_hal_i2c.o
 .debug_abbrev  0x00002914      0x1cd ./Drivers/STM32WLxx_HAL_Driver/Src/stm32wlxx_hal_i2c_ex.o
 .debug_abbrev  0x00002ae1      0x209 ./Drivers/STM32WLxx_HAL_Driver/Src/stm32wlxx_hal_pwr.o
 .debug_abbrev  0x00002cea      0x302 ./Drivers/STM32WLxx_HAL_Driver/Src/stm32wlxx_hal_pwr_ex.o
 .debug_abbrev  0x00002fec      0x32d ./Drivers/STM32WLxx_HAL_Driver/Src/stm32wlxx_hal_rcc.o
 .debug_abbrev  0x00003319      0x2cb ./Drivers/STM32WLxx_HAL_Driver/Src/stm32wlxx_hal_rcc_ex.o
 .debug_abbrev  0x000035e4      0x290 ./Drivers/STM32WLxx_HAL_Driver/Src/stm32wlxx_hal_spi.o
 .debug_abbrev  0x00003874      0x299 ./Drivers/STM32WLxx_HAL_Driver/Src/stm32wlxx_hal_subghz.o
 .debug_abbrev  0x00003b0d      0x352 ./Drivers/STM32WLxx_HAL_Driver/Src/stm32wlxx_hal_uart.o
 .debug_abbrev  0x00003e5f      0x2d2 ./Drivers/STM32WLxx_HAL_Driver/Src/stm32wlxx_hal_uart_ex.o

.debug_aranges  0x00000000     0x1ac0
 .debug_aranges
                0x00000000       0x28 ./Core/Src/gpio.o
 .debug_aranges
                0x00000028       0x48 ./Core/Src/i2c.o
 .debug_aranges
                0x00000070       0x70 ./Core/Src/main.o
 .debug_aranges
                0x000000e0       0x48 ./Core/Src/spi.o
 .debug_aranges
                0x00000128       0x20 ./Core/Src/stm32wlxx_hal_msp.o
 .debug_aranges
                0x00000148       0x70 ./Core/Src/stm32wlxx_it.o
 .debug_aranges
                0x000001b8       0x40 ./Core/Src/subghz.o
 .debug_aranges
                0x000001f8       0x20 ./Core/Src/sysmem.o
 .debug_aranges
                0x00000218       0x28 ./Core/Src/system_stm32wlxx.o
 .debug_aranges
                0x00000240       0x48 ./Core/Src/usart.o
 .debug_aranges
                0x00000288       0x28 ./Core/Startup/startup_stm32wl55jcix.o
 .debug_aranges
                0x000002b0       0x98 ./Drivers/BSP/STM32WLxx_Nucleo/stm32wlxx_nucleo.o
 .debug_aranges
                0x00000348       0x58 ./Drivers/BSP/STM32WLxx_Nucleo/stm32wlxx_nucleo_radio.o
 .debug_aranges
                0x000003a0       0x50 ./Drivers/Radio/radio_board_if.o
 .debug_aranges
                0x000003f0      0x240 ./Drivers/Radio/radio_driver.o
 .debug_aranges
                0x00000630      0x240 ./Drivers/STM32WLxx_HAL_Driver/Src/stm32wlxx_hal.o
 .debug_aranges
                0x00000870      0x128 ./Drivers/STM32WLxx_HAL_Driver/Src/stm32wlxx_hal_cortex.o
 .debug_aranges
                0x00000998       0xa0 ./Drivers/STM32WLxx_HAL_Driver/Src/stm32wlxx_hal_dma.o
 .debug_aranges
                0x00000a38       0x60 ./Drivers/STM32WLxx_HAL_Driver/Src/stm32wlxx_hal_gpio.o
 .debug_aranges
                0x00000a98      0x2a0 ./Drivers/STM32WLxx_HAL_Driver/Src/stm32wlxx_hal_i2c.o
 .debug_aranges
                0x00000d38       0x48 ./Drivers/STM32WLxx_HAL_Driver/Src/stm32wlxx_hal_i2c_ex.o
 .debug_aranges
                0x00000d80       0xc8 ./Drivers/STM32WLxx_HAL_Driver/Src/stm32wlxx_hal_pwr.o
 .debug_aranges
                0x00000e48      0x200 ./Drivers/STM32WLxx_HAL_Driver/Src/stm32wlxx_hal_pwr_ex.o
 .debug_aranges
                0x00001048      0x230 ./Drivers/STM32WLxx_HAL_Driver/Src/stm32wlxx_hal_rcc.o
 .debug_aranges
                0x00001278      0x1e8 ./Drivers/STM32WLxx_HAL_Driver/Src/stm32wlxx_hal_rcc_ex.o
 .debug_aranges
                0x00001460      0x1f8 ./Drivers/STM32WLxx_HAL_Driver/Src/stm32wlxx_hal_spi.o
 .debug_aranges
                0x00001658      0x168 ./Drivers/STM32WLxx_HAL_Driver/Src/stm32wlxx_hal_subghz.o
 .debug_aranges
                0x000017c0      0x258 ./Drivers/STM32WLxx_HAL_Driver/Src/stm32wlxx_hal_uart.o
 .debug_aranges
                0x00001a18       0xa8 ./Drivers/STM32WLxx_HAL_Driver/Src/stm32wlxx_hal_uart_ex.o

.debug_rnglists
                0x00000000     0x1466
 .debug_rnglists
                0x00000000       0x19 ./Core/Src/gpio.o
 .debug_rnglists
                0x00000019       0x33 ./Core/Src/i2c.o
 .debug_rnglists
                0x0000004c       0x53 ./Core/Src/main.o
 .debug_rnglists
                0x0000009f       0x32 ./Core/Src/spi.o
 .debug_rnglists
                0x000000d1       0x13 ./Core/Src/stm32wlxx_hal_msp.o
 .debug_rnglists
                0x000000e4       0x4f ./Core/Src/stm32wlxx_it.o
 .debug_rnglists
                0x00000133       0x2b ./Core/Src/subghz.o
 .debug_rnglists
                0x0000015e       0x13 ./Core/Src/sysmem.o
 .debug_rnglists
                0x00000171       0x1a ./Core/Src/system_stm32wlxx.o
 .debug_rnglists
                0x0000018b       0x33 ./Core/Src/usart.o
 .debug_rnglists
                0x000001be       0x19 ./Core/Startup/startup_stm32wl55jcix.o
 .debug_rnglists
                0x000001d7       0x6e ./Drivers/BSP/STM32WLxx_Nucleo/stm32wlxx_nucleo.o
 .debug_rnglists
                0x00000245       0x3e ./Drivers/BSP/STM32WLxx_Nucleo/stm32wlxx_nucleo_radio.o
 .debug_rnglists
                0x00000283       0x37 ./Drivers/Radio/radio_board_if.o
 .debug_rnglists
                0x000002ba      0x1b6 ./Drivers/Radio/radio_driver.o
 .debug_rnglists
                0x00000470      0x1ab ./Drivers/STM32WLxx_HAL_Driver/Src/stm32wlxx_hal.o
 .debug_rnglists
                0x0000061b       0xd9 ./Drivers/STM32WLxx_HAL_Driver/Src/stm32wlxx_hal_cortex.o
 .debug_rnglists
                0x000006f4       0x7e ./Drivers/STM32WLxx_HAL_Driver/Src/stm32wlxx_hal_dma.o
 .debug_rnglists
                0x00000772       0x45 ./Drivers/STM32WLxx_HAL_Driver/Src/stm32wlxx_hal_gpio.o
 .debug_rnglists
                0x000007b7      0x228 ./Drivers/STM32WLxx_HAL_Driver/Src/stm32wlxx_hal_i2c.o
 .debug_rnglists
                0x000009df       0x35 ./Drivers/STM32WLxx_HAL_Driver/Src/stm32wlxx_hal_i2c_ex.o
 .debug_rnglists
                0x00000a14       0x91 ./Drivers/STM32WLxx_HAL_Driver/Src/stm32wlxx_hal_pwr.o
 .debug_rnglists
                0x00000aa5      0x180 ./Drivers/STM32WLxx_HAL_Driver/Src/stm32wlxx_hal_pwr_ex.o
 .debug_rnglists
                0x00000c25      0x1a6 ./Drivers/STM32WLxx_HAL_Driver/Src/stm32wlxx_hal_rcc.o
 .debug_rnglists
                0x00000dcb      0x16e ./Drivers/STM32WLxx_HAL_Driver/Src/stm32wlxx_hal_rcc_ex.o
 .debug_rnglists
                0x00000f39      0x194 ./Drivers/STM32WLxx_HAL_Driver/Src/stm32wlxx_hal_spi.o
 .debug_rnglists
                0x000010cd      0x114 ./Drivers/STM32WLxx_HAL_Driver/Src/stm32wlxx_hal_subghz.o
 .debug_rnglists
                0x000011e1      0x206 ./Drivers/STM32WLxx_HAL_Driver/Src/stm32wlxx_hal_uart.o
 .debug_rnglists
                0x000013e7       0x7f ./Drivers/STM32WLxx_HAL_Driver/Src/stm32wlxx_hal_uart_ex.o

.debug_macro    0x00000000    0x1fbf4
 .debug_macro   0x00000000      0x265 ./Core/Src/gpio.o
 .debug_macro   0x00000265      0xaae ./Core/Src/gpio.o
 .debug_macro   0x00000d13      0x130 ./Core/Src/gpio.o
 .debug_macro   0x00000e43       0x2e ./Core/Src/gpio.o
 .debug_macro   0x00000e71       0x3a ./Core/Src/gpio.o
 .debug_macro   0x00000eab       0x22 ./Core/Src/gpio.o
 .debug_macro   0x00000ecd       0x8e ./Core/Src/gpio.o
 .debug_macro   0x00000f5b       0x51 ./Core/Src/gpio.o
 .debug_macro   0x00000fac      0x103 ./Core/Src/gpio.o
 .debug_macro   0x000010af       0x6a ./Core/Src/gpio.o
 .debug_macro   0x00001119      0x1df ./Core/Src/gpio.o
 .debug_macro   0x000012f8       0x1c ./Core/Src/gpio.o
 .debug_macro   0x00001314       0x22 ./Core/Src/gpio.o
 .debug_macro   0x00001336       0xfb ./Core/Src/gpio.o
 .debug_macro   0x00001431     0x1011 ./Core/Src/gpio.o
 .debug_macro   0x00002442      0x11f ./Core/Src/gpio.o
 .debug_macro   0x00002561     0xf31a ./Core/Src/gpio.o
 .debug_macro   0x0001187b       0x6d ./Core/Src/gpio.o
 .debug_macro   0x000118e8     0x341d ./Core/Src/gpio.o
 .debug_macro   0x00014d05      0x189 ./Core/Src/gpio.o
 .debug_macro   0x00014e8e       0x5c ./Core/Src/gpio.o
 .debug_macro   0x00014eea      0x416 ./Core/Src/gpio.o
 .debug_macro   0x00015300      0x29c ./Core/Src/gpio.o
 .debug_macro   0x0001559c      0x35a ./Core/Src/gpio.o
 .debug_macro   0x000158f6      0x196 ./Core/Src/gpio.o
 .debug_macro   0x00015a8c       0x4a ./Core/Src/gpio.o
 .debug_macro   0x00015ad6      0x236 ./Core/Src/gpio.o
 .debug_macro   0x00015d0c      0x229 ./Core/Src/gpio.o
 .debug_macro   0x00015f35      0x3fa ./Core/Src/gpio.o
 .debug_macro   0x0001632f       0x2e ./Core/Src/gpio.o
 .debug_macro   0x0001635d      0x107 ./Core/Src/gpio.o
 .debug_macro   0x00016464      0x1ba ./Core/Src/gpio.o
 .debug_macro   0x0001661e       0xe6 ./Core/Src/gpio.o
 .debug_macro   0x00016704      0x22c ./Core/Src/gpio.o
 .debug_macro   0x00016930       0x55 ./Core/Src/gpio.o
 .debug_macro   0x00016985       0xa5 ./Core/Src/gpio.o
 .debug_macro   0x00016a2a      0x283 ./Core/Src/gpio.o
 .debug_macro   0x00016cad      0x133 ./Core/Src/gpio.o
 .debug_macro   0x00016de0      0x36f ./Core/Src/gpio.o
 .debug_macro   0x0001714f      0x683 ./Core/Src/gpio.o
 .debug_macro   0x000177d2      0x20e ./Core/Src/gpio.o
 .debug_macro   0x000179e0      0xfb4 ./Core/Src/gpio.o
 .debug_macro   0x00018994      0x136 ./Core/Src/gpio.o
 .debug_macro   0x00018aca      0x2db ./Core/Src/gpio.o
 .debug_macro   0x00018da5      0x2fe ./Core/Src/gpio.o
 .debug_macro   0x000190a3      0x288 ./Core/Src/gpio.o
 .debug_macro   0x0001932b       0xd6 ./Core/Src/gpio.o
 .debug_macro   0x00019401      0x693 ./Core/Src/gpio.o
 .debug_macro   0x00019a94       0xa6 ./Core/Src/gpio.o
 .debug_macro   0x00019b3a      0x45a ./Core/Src/gpio.o
 .debug_macro   0x00019f94      0x3c0 ./Core/Src/gpio.o
 .debug_macro   0x0001a354       0x58 ./Core/Src/gpio.o
 .debug_macro   0x0001a3ac      0x265 ./Core/Src/i2c.o
 .debug_macro   0x0001a611      0x454 ./Core/Src/main.o
 .debug_macro   0x0001aa65       0x61 ./Core/Src/main.o
 .debug_macro   0x0001aac6       0x24 ./Core/Src/main.o
 .debug_macro   0x0001aaea       0x43 ./Core/Src/main.o
 .debug_macro   0x0001ab2d       0x34 ./Core/Src/main.o
 .debug_macro   0x0001ab61       0x16 ./Core/Src/main.o
 .debug_macro   0x0001ab77       0x43 ./Core/Src/main.o
 .debug_macro   0x0001abba       0x34 ./Core/Src/main.o
 .debug_macro   0x0001abee       0x10 ./Core/Src/main.o
 .debug_macro   0x0001abfe       0x58 ./Core/Src/main.o
 .debug_macro   0x0001ac56       0x8e ./Core/Src/main.o
 .debug_macro   0x0001ace4       0x1c ./Core/Src/main.o
 .debug_macro   0x0001ad00      0x177 ./Core/Src/main.o
 .debug_macro   0x0001ae77      0x369 ./Core/Src/main.o
 .debug_macro   0x0001b1e0       0x10 ./Core/Src/main.o
 .debug_macro   0x0001b1f0       0x35 ./Core/Src/main.o
 .debug_macro   0x0001b225       0x20 ./Core/Src/main.o
 .debug_macro   0x0001b245       0x1c ./Core/Src/main.o
 .debug_macro   0x0001b261       0x10 ./Core/Src/main.o
 .debug_macro   0x0001b271       0x1c ./Core/Src/main.o
 .debug_macro   0x0001b28d       0x16 ./Core/Src/main.o
 .debug_macro   0x0001b2a3      0x146 ./Core/Src/main.o
 .debug_macro   0x0001b3e9       0x22 ./Core/Src/main.o